Archive member included because of file (symbol)

.\obj\arduino_runtime_atmega328p_withlibs.a(wiring.c.o)
                              .\obj\zerar.pde.cpp.o (delay)
.\obj\arduino_runtime_atmega328p_withlibs.a(HardwareSerial.cpp.o)
                              .\obj\zerar.pde.cpp.o (HardwareSerial::begin(long))
.\obj\arduino_runtime_atmega328p_withlibs.a(main.cpp.o)
                              c:/users/ucanacuca-pc/documents/arduino-0019/hardware/tools/avr/bin/../lib/gcc/avr/4.3.2/../../../../avr/lib/avr5/crtm328p.o (main)
.\obj\arduino_runtime_atmega328p_withlibs.a(Print.cpp.o)
                              .\obj\arduino_runtime_atmega328p_withlibs.a(HardwareSerial.cpp.o) (Print::write(char const*))
.\obj\arduino_runtime_atmega328p_withlibs.a(WString.cpp.o)
                              .\obj\arduino_runtime_atmega328p_withlibs.a(Print.cpp.o) (String::operator[](unsigned int) const)
c:/users/ucanacuca-pc/documents/arduino-0019/hardware/tools/avr/bin/../lib/gcc/avr/4.3.2/avr5\libgcc.a(_mulsi3.o)
                              .\obj\arduino_runtime_atmega328p_withlibs.a(HardwareSerial.cpp.o) (__mulsi3)
c:/users/ucanacuca-pc/documents/arduino-0019/hardware/tools/avr/bin/../lib/gcc/avr/4.3.2/avr5\libgcc.a(_divmodhi4.o)
                              .\obj\arduino_runtime_atmega328p_withlibs.a(HardwareSerial.cpp.o) (__divmodhi4)
c:/users/ucanacuca-pc/documents/arduino-0019/hardware/tools/avr/bin/../lib/gcc/avr/4.3.2/avr5\libgcc.a(_udivmodsi4.o)
                              .\obj\arduino_runtime_atmega328p_withlibs.a(Print.cpp.o) (__udivmodsi4)
c:/users/ucanacuca-pc/documents/arduino-0019/hardware/tools/avr/bin/../lib/gcc/avr/4.3.2/avr5\libgcc.a(_divmodsi4.o)
                              .\obj\arduino_runtime_atmega328p_withlibs.a(HardwareSerial.cpp.o) (__divmodsi4)
c:/users/ucanacuca-pc/documents/arduino-0019/hardware/tools/avr/bin/../lib/gcc/avr/4.3.2/avr5\libgcc.a(_exit.o)
                              c:/users/ucanacuca-pc/documents/arduino-0019/hardware/tools/avr/bin/../lib/gcc/avr/4.3.2/../../../../avr/lib/avr5/crtm328p.o (exit)
c:/users/ucanacuca-pc/documents/arduino-0019/hardware/tools/avr/bin/../lib/gcc/avr/4.3.2/avr5\libgcc.a(_copy_data.o)
                              .\obj\zerar.pde.cpp.o (__do_copy_data)
c:/users/ucanacuca-pc/documents/arduino-0019/hardware/tools/avr/bin/../lib/gcc/avr/4.3.2/avr5\libgcc.a(_clear_bss.o)
                              .\obj\zerar.pde.cpp.o (__do_clear_bss)
c:/users/ucanacuca-pc/documents/arduino-0019/hardware/tools/avr/bin/../lib/gcc/avr/4.3.2/avr5\libgcc.a(_ctors.o)
                              .\obj\arduino_runtime_atmega328p_withlibs.a(HardwareSerial.cpp.o) (__do_global_ctors)
c:/users/ucanacuca-pc/documents/arduino-0019/hardware/tools/avr/bin/../lib/gcc/avr/4.3.2/avr5\libgcc.a(_fixunssfsi.o)
                              .\obj\arduino_runtime_atmega328p_withlibs.a(Print.cpp.o) (__fixunssfsi)
c:/users/ucanacuca-pc/documents/arduino-0019/hardware/tools/avr/bin/../lib/gcc/avr/4.3.2/avr5\libgcc.a(_addsub_sf.o)
                              .\obj\arduino_runtime_atmega328p_withlibs.a(Print.cpp.o) (__subsf3)
c:/users/ucanacuca-pc/documents/arduino-0019/hardware/tools/avr/bin/../lib/gcc/avr/4.3.2/avr5\libgcc.a(_mul_sf.o)
                              .\obj\arduino_runtime_atmega328p_withlibs.a(Print.cpp.o) (__mulsf3)
c:/users/ucanacuca-pc/documents/arduino-0019/hardware/tools/avr/bin/../lib/gcc/avr/4.3.2/avr5\libgcc.a(_div_sf.o)
                              .\obj\arduino_runtime_atmega328p_withlibs.a(Print.cpp.o) (__divsf3)
c:/users/ucanacuca-pc/documents/arduino-0019/hardware/tools/avr/bin/../lib/gcc/avr/4.3.2/avr5\libgcc.a(_ge_sf.o)
                              c:/users/ucanacuca-pc/documents/arduino-0019/hardware/tools/avr/bin/../lib/gcc/avr/4.3.2/avr5\libgcc.a(_fixunssfsi.o) (__gesf2)
c:/users/ucanacuca-pc/documents/arduino-0019/hardware/tools/avr/bin/../lib/gcc/avr/4.3.2/avr5\libgcc.a(_lt_sf.o)
                              .\obj\arduino_runtime_atmega328p_withlibs.a(Print.cpp.o) (__ltsf2)
c:/users/ucanacuca-pc/documents/arduino-0019/hardware/tools/avr/bin/../lib/gcc/avr/4.3.2/avr5\libgcc.a(_si_to_sf.o)
                              .\obj\arduino_runtime_atmega328p_withlibs.a(Print.cpp.o) (__floatsisf)
c:/users/ucanacuca-pc/documents/arduino-0019/hardware/tools/avr/bin/../lib/gcc/avr/4.3.2/avr5\libgcc.a(_sf_to_si.o)
                              .\obj\arduino_runtime_atmega328p_withlibs.a(Print.cpp.o) (__fixsfsi)
c:/users/ucanacuca-pc/documents/arduino-0019/hardware/tools/avr/bin/../lib/gcc/avr/4.3.2/avr5\libgcc.a(_thenan_sf.o)
                              c:/users/ucanacuca-pc/documents/arduino-0019/hardware/tools/avr/bin/../lib/gcc/avr/4.3.2/avr5\libgcc.a(_addsub_sf.o) (__thenan_sf)
c:/users/ucanacuca-pc/documents/arduino-0019/hardware/tools/avr/bin/../lib/gcc/avr/4.3.2/avr5\libgcc.a(_usi_to_sf.o)
                              .\obj\arduino_runtime_atmega328p_withlibs.a(Print.cpp.o) (__floatunsisf)
[...]
Memory Configuration

Name             Origin             Length             Attributes
text             0x00000000         0x00020000         xr
data             0x00800060         0x0000ffa0         rw !x
eeprom           0x00810000         0x00010000         rw !x
fuse             0x00820000         0x00000400         rw !x
lock             0x00830000         0x00000400         rw !x
signature        0x00840000         0x00000400         rw !x
*default*        0x00000000         0xffffffff

Linker script and memory map

Address of section .data set to 0x800100
LOAD c:/users/ucanacuca-pc/documents/arduino-0019/hardware/tools/avr/bin/../lib/gcc/avr/4.3.2/../../../../avr/lib/avr5/crtm328p.o
LOAD .\obj\zerar.pde.cpp.o
LOAD .\obj\arduino_runtime_atmega328p_withlibs.a
LOAD c:/users/ucanacuca-pc/documents/arduino-0019/hardware/tools/avr/bin/../lib/gcc/avr/4.3.2/avr5\libgcc.a
LOAD c:/users/ucanacuca-pc/documents/arduino-0019/hardware/tools/avr/bin/../lib/gcc/avr/4.3.2/../../../../avr/lib/avr5\libc.a
LOAD c:/users/ucanacuca-pc/documents/arduino-0019/hardware/tools/avr/bin/../lib/gcc/avr/4.3.2/avr5\libgcc.a

.hash
 *(.hash)

.dynsym
 *(.dynsym)

.dynstr
 *(.dynstr)

.gnu.version
 *(.gnu.version)

.gnu.version_d
 *(.gnu.version_d)

.gnu.version_r
 *(.gnu.version_r)

.rel.init
 *(.rel.init)

.rela.init
 *(.rela.init)

.rel.text
 *(.rel.text)
 *(.rel.text.*)
 *(.rel.gnu.linkonce.t*)

.rela.text
 *(.rela.text)
 *(.rela.text.*)
 *(.rela.gnu.linkonce.t*)

.rel.fini
 *(.rel.fini)

.rela.fini
 *(.rela.fini)

.rel.rodata
 *(.rel.rodata)
 *(.rel.rodata.*)
 *(.rel.gnu.linkonce.r*)

.rela.rodata
 *(.rela.rodata)
 *(.rela.rodata.*)
 *(.rela.gnu.linkonce.r*)

.rel.data
 *(.rel.data)
 *(.rel.data.*)
 *(.rel.gnu.linkonce.d*)

.rela.data
 *(.rela.data)
 *(.rela.data.*)
 *(.rela.gnu.linkonce.d*)

.rel.ctors
 *(.rel.ctors)

.rela.ctors
 *(.rela.ctors)

.rel.dtors
 *(.rel.dtors)

.rela.dtors
 *(.rela.dtors)

.rel.got
 *(.rel.got)

.rela.got
 *(.rela.got)

.rel.bss
 *(.rel.bss)

.rela.bss
 *(.rela.bss)

.rel.plt
 *(.rel.plt)

.rela.plt
 *(.rela.plt)

.text           0x00000000     0x31b6
 *(.vectors)
 .vectors       0x00000000       0x68 c:/users/ucanacuca-pc/documents/arduino-0019/hardware/tools/avr/bin/../lib/gcc/avr/4.3.2/../../../../avr/lib/avr5/crtm328p.o
                0x00000000                __vectors
                0x00000000                __vector_default
 *(.vectors)
 *(.progmem.gcc*)
 *(.progmem*)
                0x00000068                . = ALIGN (0x2)
                0x00000068                __trampolines_start = .
 *(.trampolines)
 .trampolines   0x00000068        0x0 linker stubs
 *(.trampolines*)
                0x00000068                __trampolines_end = .
 *(.jumptables)
 *(.jumptables*)
 *(.lowtext)
 *(.lowtext*)
                0x00000068                __ctors_start = .
 *(.ctors)
 .ctors         0x00000068        0x2 .\obj\arduino_runtime_atmega328p_withlibs.a(HardwareSerial.cpp.o)
                0x0000006a                __ctors_end = .
                0x0000006a                __dtors_start = .
 *(.dtors)
                0x0000006a                __dtors_end = .
 SORT(*)(.ctors)
 SORT(*)(.dtors)
 *(.init0)
 .init0         0x0000006a        0x0 c:/users/ucanacuca-pc/documents/arduino-0019/hardware/tools/avr/bin/../lib/gcc/avr/4.3.2/../../../../avr/lib/avr5/crtm328p.o
                0x0000006a                __init
 *(.init0)
 *(.init1)
 *(.init1)
 *(.init2)
 .init2         0x0000006a        0xc c:/users/ucanacuca-pc/documents/arduino-0019/hardware/tools/avr/bin/../lib/gcc/avr/4.3.2/../../../../avr/lib/avr5/crtm328p.o
 *(.init2)
 *(.init3)
 *(.init3)
 *(.init4)
 .init4         0x00000076       0x16 c:/users/ucanacuca-pc/documents/arduino-0019/hardware/tools/avr/bin/../lib/gcc/avr/4.3.2/avr5\libgcc.a(_copy_data.o)
                0x00000076                __do_copy_data
 .init4         0x0000008c       0x10 c:/users/ucanacuca-pc/documents/arduino-0019/hardware/tools/avr/bin/../lib/gcc/avr/4.3.2/avr5\libgcc.a(_clear_bss.o)
                0x0000008c                __do_clear_bss
 *(.init4)
 *(.init5)
 *(.init5)
 *(.init6)
 .init6         0x0000009c       0x16 c:/users/ucanacuca-pc/documents/arduino-0019/hardware/tools/avr/bin/../lib/gcc/avr/4.3.2/avr5\libgcc.a(_ctors.o)
                0x0000009c                __do_global_ctors
 *(.init6)
 *(.init7)
 *(.init7)
 *(.init8)
 *(.init8)
 *(.init9)
 .init9         0x000000b2        0x8 c:/users/ucanacuca-pc/documents/arduino-0019/hardware/tools/avr/bin/../lib/gcc/avr/4.3.2/../../../../avr/lib/avr5/crtm328p.o
 *(.init9)
 *(.text)
 .text          0x000000ba        0x4 c:/users/ucanacuca-pc/documents/arduino-0019/hardware/tools/avr/bin/../lib/gcc/avr/4.3.2/../../../../avr/lib/avr5/crtm328p.o
                0x000000ba                __vector_22
                0x000000ba                __vector_1
                0x000000ba                __vector_24
                0x000000ba                __vector_12
                0x000000ba                __bad_interrupt
                0x000000ba                __vector_6
                0x000000ba                __vector_3
                0x000000ba                __vector_23
                0x000000ba                __vector_25
                0x000000ba                __vector_11
                0x000000ba                __vector_13
                0x000000ba                __vector_17
                0x000000ba                __vector_19
                0x000000ba                __vector_7
                0x000000ba                __vector_5
                0x000000ba                __vector_4
                0x000000ba                __vector_9
                0x000000ba                __vector_2
                0x000000ba                __vector_21
                0x000000ba                __vector_15
                0x000000ba                __vector_8
                0x000000ba                __vector_14
                0x000000ba                __vector_10
                0x000000ba                __vector_20
 .text          0x000000be       0x62 .\obj\zerar.pde.cpp.o
                0x000000c2                loop
                0x000000be                __cxa_pure_virtual
                0x0000010e                setup
 .text          0x00000120      0x232 .\obj\arduino_runtime_atmega328p_withlibs.a(wiring.c.o)
                0x000002de                init
                0x000001cc                micros
                0x00000218                delay
                0x00000120                __vector_16
                0x000001b0                millis
                0x000002ca                delayMicroseconds
 .text          0x00000352      0x4de .\obj\arduino_runtime_atmega328p_withlibs.a(HardwareSerial.cpp.o)
                0x000006fa                HardwareSerial::peek()
                0x000006d2                HardwareSerial::available()
                0x00000796                HardwareSerial::write(unsigned char)
                0x0000048c                HardwareSerial::begin(long)
                0x0000077e                HardwareSerial::flush()
                0x0000067e                HardwareSerial::end()
                0x0000042c                HardwareSerial::HardwareSerial(ring_buffer*, unsigned char volatile*, unsigned char volatile*, unsigned char volatile*, unsigned char volatile*, unsigned char volatile*, unsigned char, unsigned char, unsigned char, unsigned char, unsigned char)
                0x000003cc                HardwareSerial::HardwareSerial(ring_buffer*, unsigned char volatile*, unsigned char volatile*, unsigned char volatile*, unsigned char volatile*, unsigned char volatile*, unsigned char, unsigned char, unsigned char, unsigned char, unsigned char)
                0x0000072e                HardwareSerial::read()
                0x00000352                __vector_18
 .text          0x00000830        0xe .\obj\arduino_runtime_atmega328p_withlibs.a(main.cpp.o)
                0x00000830                main
 .text          0x0000083e      0x5b2 .\obj\arduino_runtime_atmega328p_withlibs.a(Print.cpp.o)
                0x00000c22                Print::println(String const&)
                0x00000ba6                Print::println(unsigned int, int)
                0x00000b62                Print::println()
                0x00000c4e                Print::println(int, int)
                0x00000910                Print::printNumber(unsigned long, unsigned char)
                0x0000086e                Print::write(unsigned char const*, unsigned int)
                0x00000dd4                Print::print(double, int)
                0x00000b3a                Print::print(char, int)
                0x0000083e                Print::write(char const*)
                0x00000cbc                Print::printFloat(double, unsigned char)
                0x00000b14                Print::print(int, int)
                0x00000a84                Print::print(unsigned char, int)
                0x00000c0c                Print::println(char const*)
                0x00000bd8                Print::println(unsigned char, int)
                0x00000c84                Print::println(char, int)
                0x00000a62                Print::print(unsigned int, int)
                0x000008ac                Print::print(char const*)
                0x00000a44                Print::print(unsigned long, int)
                0x00000c38                Print::println(long, int)
                0x00000dda                Print::println(double, int)
                0x00000aa8                Print::print(long, int)
                0x00000b90                Print::println(unsigned long, int)
                0x000008bc                Print::print(String const&)
 .text          0x00000df0     0x102c .\obj\arduino_runtime_atmega328p_withlibs.a(WString.cpp.o)
                0x00000e00                String::setCharAt(unsigned int, char)
                0x0000120a                String::operator+=(String const&)
                0x00001930                String::lastIndexOf(String const&) const
                0x00000f04                String::startsWith(String const&, unsigned int) const
                0x000010dc                String::operator>=(String const&) const
                0x0000184e                String::substring(unsigned int) const
                0x00001418                String::String(unsigned long, int)
                0x000017e0                String::substring(unsigned int, unsigned int) const
                0x00000e5c                String::toCharArray(char*, unsigned int)
                0x00000e22                String::operator[](unsigned int)
                0x000016d2                String::toLowerCase() const
                0x000013ac                String::String(String const&)
                0x00000fe4                String::indexOf(String const&, unsigned int) const
                0x00000e4c                String::operator[](unsigned int) const
                0x0000165c                String::toUpperCase() const
                0x00001378                String::String(char)
                0x0000116c                String::operator!=(String const&) const
                0x00001276                String::concat(String const&)
                0x00000df0                String::charAt(unsigned int) const
                0x00000f40                String::startsWith(String const&) const
                0x0000119c                String::operator==(String const&) const
                0x00001b60                String::replace(char, char)
                0x00000ee4                String::~String()
                0x000013e2                String::String(String const&)
                0x00001066                String::indexOf(char) const
                0x0000127c                String::operator=(String const&)
                0x00001c38                String::String(long, int)
                0x00001590                String::String(unsigned int, int)
                0x000012dc                String::String(unsigned char)
                0x000011e2                String::getBuffer(unsigned int)
                0x000010a2                String::endsWith(String const&) const
                0x0000194c                String::trim() const
                0x00001d2c                String::String(int, int)
                0x00001866                String::lastIndexOf(String const&, unsigned int) const
                0x0000160c                String::String(char const*)
                0x000011d0                String::compareTo(String const&) const
                0x00000f66                String::lastIndexOf(char, unsigned int) const
                0x00001020                String::indexOf(String const&) const
                0x00001070                String::equals(String const&) const
                0x00001148                String::operator<(String const&) const
                0x00001104                String::operator<=(String const&) const
                0x00001310                String::String(unsigned char)
                0x00001be8                String::String(char const*)
                0x00001514                String::String(unsigned int, int)
                0x00001da4                String::String(int, int)
                0x00001748                String::equalsIgnoreCase(String const&) const
                0x00000fd4                String::lastIndexOf(char) const
                0x00001cb2                String::String(long, int)
                0x00001496                String::String(unsigned long, int)
                0x00001344                String::String(char)
                0x0000102a                String::indexOf(char, unsigned int) const
                0x00000ea0                String::getBytes(unsigned char*, unsigned int)
                0x00001a2a                String::replace(String const&, String const&)
                0x00001126                String::operator>(String const&) const
 .text          0x00001e1c        0x0 c:/users/ucanacuca-pc/documents/arduino-0019/hardware/tools/avr/bin/../lib/gcc/avr/4.3.2/avr5\libgcc.a(_mulsi3.o)
 .text          0x00001e1c        0x0 c:/users/ucanacuca-pc/documents/arduino-0019/hardware/tools/avr/bin/../lib/gcc/avr/4.3.2/avr5\libgcc.a(_divmodhi4.o)
 .text          0x00001e1c        0x0 c:/users/ucanacuca-pc/documents/arduino-0019/hardware/tools/avr/bin/../lib/gcc/avr/4.3.2/avr5\libgcc.a(_udivmodsi4.o)
 .text          0x00001e1c        0x0 c:/users/ucanacuca-pc/documents/arduino-0019/hardware/tools/avr/bin/../lib/gcc/avr/4.3.2/avr5\libgcc.a(_divmodsi4.o)
 .text          0x00001e1c        0x0 c:/users/ucanacuca-pc/documents/arduino-0019/hardware/tools/avr/bin/../lib/gcc/avr/4.3.2/avr5\libgcc.a(_exit.o)
 .text          0x00001e1c        0x0 c:/users/ucanacuca-pc/documents/arduino-0019/hardware/tools/avr/bin/../lib/gcc/avr/4.3.2/avr5\libgcc.a(_copy_data.o)
 .text          0x00001e1c        0x0 c:/users/ucanacuca-pc/documents/arduino-0019/hardware/tools/avr/bin/../lib/gcc/avr/4.3.2/avr5\libgcc.a(_clear_bss.o)
 .text          0x00001e1c        0x0 c:/users/ucanacuca-pc/documents/arduino-0019/hardware/tools/avr/bin/../lib/gcc/avr/4.3.2/avr5\libgcc.a(_ctors.o)
 .text          0x00001e1c       0x58 c:/users/ucanacuca-pc/documents/arduino-0019/hardware/tools/avr/bin/../lib/gcc/avr/4.3.2/avr5\libgcc.a(_fixunssfsi.o)
                0x00001e1c                __fixunssfsi
 .text          0x00001e74      0x354 c:/users/ucanacuca-pc/documents/arduino-0019/hardware/tools/avr/bin/../lib/gcc/avr/4.3.2/avr5\libgcc.a(_addsub_sf.o)
                0x0000210c                __subsf3
                0x0000216e                __addsf3
 .text          0x000021c8      0x1f4 c:/users/ucanacuca-pc/documents/arduino-0019/hardware/tools/avr/bin/../lib/gcc/avr/4.3.2/avr5\libgcc.a(_mul_sf.o)
                0x000021c8                __mulsf3
 .text          0x000023bc      0x158 c:/users/ucanacuca-pc/documents/arduino-0019/hardware/tools/avr/bin/../lib/gcc/avr/4.3.2/avr5\libgcc.a(_div_sf.o)
                0x000023bc                __divsf3
 .text          0x00002514       0x60 c:/users/ucanacuca-pc/documents/arduino-0019/hardware/tools/avr/bin/../lib/gcc/avr/4.3.2/avr5\libgcc.a(_ge_sf.o)
                0x00002514                __gesf2
 .text          0x00002574       0x60 c:/users/ucanacuca-pc/documents/arduino-0019/hardware/tools/avr/bin/../lib/gcc/avr/4.3.2/avr5\libgcc.a(_lt_sf.o)
                0x00002574                __ltsf2
 .text          0x000025d4       0xbc c:/users/ucanacuca-pc/documents/arduino-0019/hardware/tools/avr/bin/../lib/gcc/avr/4.3.2/avr5\libgcc.a(_si_to_sf.o)
                0x000025d4                __floatsisf
 .text          0x00002690       0xa8 c:/users/ucanacuca-pc/documents/arduino-0019/hardware/tools/avr/bin/../lib/gcc/avr/4.3.2/avr5\libgcc.a(_sf_to_si.o)
                0x00002690                __fixsfsi
 .text          0x00002738        0x0 c:/users/ucanacuca-pc/documents/arduino-0019/hardware/tools/avr/bin/../lib/gcc/avr/4.3.2/avr5\libgcc.a(_thenan_sf.o)
 .text          0x00002738       0xf2 c:/users/ucanacuca-pc/documents/arduino-0019/hardware/tools/avr/bin/../lib/gcc/avr/4.3.2/avr5\libgcc.a(_usi_to_sf.o)
                0x00002738                __floatunsisf
 .text          0x0000282a        0x0 c:/users/ucanacuca-pc/documents/arduino-0019/hardware/tools/avr/bin/../lib/gcc/avr/4.3.2/avr5\libgcc.a(_udivmodhi4.o)
 .text          0x0000282a        0x0 c:/users/ucanacuca-pc/documents/arduino-0019/hardware/tools/avr/bin/../lib/gcc/avr/4.3.2/avr5\libgcc.a(_prologue.o)
 .text          0x0000282a        0x0 c:/users/ucanacuca-pc/documents/arduino-0019/hardware/tools/avr/bin/../lib/gcc/avr/4.3.2/avr5\libgcc.a(_epilogue.o)
 .text          0x0000282a        0x0 c:/users/ucanacuca-pc/documents/arduino-0019/hardware/tools/avr/bin/../lib/gcc/avr/4.3.2/avr5\libgcc.a(_tablejump.o)
 .text          0x0000282a       0x9e c:/users/ucanacuca-pc/documents/arduino-0019/hardware/tools/avr/bin/../lib/gcc/avr/4.3.2/avr5\libgcc.a(_clzsi2.o)
                0x0000282a                __clzsi2
 .text          0x000028c8      0x1aa c:/users/ucanacuca-pc/documents/arduino-0019/hardware/tools/avr/bin/../lib/gcc/avr/4.3.2/avr5\libgcc.a(_pack_sf.o)
                0x000028c8                __pack_f
 .text          0x00002a72       0xf0 c:/users/ucanacuca-pc/documents/arduino-0019/hardware/tools/avr/bin/../lib/gcc/avr/4.3.2/avr5\libgcc.a(_unpack_sf.o)
                0x00002a72                __unpack_f
 .text          0x00002b62       0xb2 c:/users/ucanacuca-pc/documents/arduino-0019/hardware/tools/avr/bin/../lib/gcc/avr/4.3.2/avr5\libgcc.a(_fpcmp_parts_sf.o)
                0x00002b62                __fpcmp_parts_f
 .text          0x00002c14        0x0 c:/users/ucanacuca-pc/documents/arduino-0019/hardware/tools/avr/bin/../lib/gcc/avr/4.3.2/avr5\libgcc.a(_clz.o)
 .text          0x00002c14      0x204 c:/users/ucanacuca-pc/documents/arduino-0019/hardware/tools/avr/bin/../lib/gcc/avr/4.3.2/../../../../avr/lib/avr5\libc.a(malloc.o)
                0x00002c14                malloc
                0x00002d68                free
 .text          0x00002e18        0x0 c:/users/ucanacuca-pc/documents/arduino-0019/hardware/tools/avr/bin/../lib/gcc/avr/4.3.2/../../../../avr/lib/avr5\libc.a(isspace.o)
 .text          0x00002e18        0x0 c:/users/ucanacuca-pc/documents/arduino-0019/hardware/tools/avr/bin/../lib/gcc/avr/4.3.2/../../../../avr/lib/avr5\libc.a(tolower.o)
 .text          0x00002e18        0x0 c:/users/ucanacuca-pc/documents/arduino-0019/hardware/tools/avr/bin/../lib/gcc/avr/4.3.2/../../../../avr/lib/avr5\libc.a(toupper.o)
 .text          0x00002e18       0x16 c:/users/ucanacuca-pc/documents/arduino-0019/hardware/tools/avr/bin/../lib/gcc/avr/4.3.2/../../../../avr/lib/avr5\libc.a(strcat.o)
                0x00002e18                strcat
 .text          0x00002e2e       0x16 c:/users/ucanacuca-pc/documents/arduino-0019/hardware/tools/avr/bin/../lib/gcc/avr/4.3.2/../../../../avr/lib/avr5\libc.a(strchr.o)
                0x00002e2e                strchr
 .text          0x00002e44       0x12 c:/users/ucanacuca-pc/documents/arduino-0019/hardware/tools/avr/bin/../lib/gcc/avr/4.3.2/../../../../avr/lib/avr5\libc.a(strcmp.o)
                0x00002e44                strcmp
 .text          0x00002e56        0xe c:/users/ucanacuca-pc/documents/arduino-0019/hardware/tools/avr/bin/../lib/gcc/avr/4.3.2/../../../../avr/lib/avr5\libc.a(strcpy.o)
                0x00002e56                strcpy
 .text          0x00002e64       0x1c c:/users/ucanacuca-pc/documents/arduino-0019/hardware/tools/avr/bin/../lib/gcc/avr/4.3.2/../../../../avr/lib/avr5\libc.a(strncmp.o)
                0x00002e64                strncmp
 .text          0x00002e80       0x1e c:/users/ucanacuca-pc/documents/arduino-0019/hardware/tools/avr/bin/../lib/gcc/avr/4.3.2/../../../../avr/lib/avr5\libc.a(strncpy.o)
                0x00002e80                strncpy
 .text          0x00002e9e       0x16 c:/users/ucanacuca-pc/documents/arduino-0019/hardware/tools/avr/bin/../lib/gcc/avr/4.3.2/../../../../avr/lib/avr5\libc.a(strrchr.o)
                0x00002e9e                strrchr
 .text          0x00002eb4       0x34 c:/users/ucanacuca-pc/documents/arduino-0019/hardware/tools/avr/bin/../lib/gcc/avr/4.3.2/../../../../avr/lib/avr5\libc.a(strstr.o)
                0x00002eb4                strstr
 .text          0x00002ee8       0x42 c:/users/ucanacuca-pc/documents/arduino-0019/hardware/tools/avr/bin/../lib/gcc/avr/4.3.2/../../../../avr/lib/avr5\libc.a(itoa.o)
                0x00002ee8                itoa
 .text          0x00002f2a       0x68 c:/users/ucanacuca-pc/documents/arduino-0019/hardware/tools/avr/bin/../lib/gcc/avr/4.3.2/../../../../avr/lib/avr5\libc.a(ltoa.o)
                0x00002f2a                ltoa
 .text          0x00002f92       0x4a c:/users/ucanacuca-pc/documents/arduino-0019/hardware/tools/avr/bin/../lib/gcc/avr/4.3.2/../../../../avr/lib/avr5\libc.a(ultoa.o)
                0x00002f92                ultoa
 .text          0x00002fdc        0x0 c:/users/ucanacuca-pc/documents/arduino-0019/hardware/tools/avr/bin/../lib/gcc/avr/4.3.2/../../../../avr/lib/avr5\libc.a(cty_isfalse.o)
 .text          0x00002fdc       0x20 c:/users/ucanacuca-pc/documents/arduino-0019/hardware/tools/avr/bin/../lib/gcc/avr/4.3.2/../../../../avr/lib/avr5\libc.a(strrev.o)
                0x00002fdc                strrev
                0x00002ffc                . = ALIGN (0x2)
 *(.text.*)
 .text.libgcc   0x00002ffc       0x3e c:/users/ucanacuca-pc/documents/arduino-0019/hardware/tools/avr/bin/../lib/gcc/avr/4.3.2/avr5\libgcc.a(_mulsi3.o)
                0x00002ffc                __mulsi3
 .text.libgcc   0x0000303a       0x26 c:/users/ucanacuca-pc/documents/arduino-0019/hardware/tools/avr/bin/../lib/gcc/avr/4.3.2/avr5\libgcc.a(_divmodhi4.o)
                0x0000303a                __divmodhi4
                0x0000303a                _div
 .text.libgcc   0x00003060       0x44 c:/users/ucanacuca-pc/documents/arduino-0019/hardware/tools/avr/bin/../lib/gcc/avr/4.3.2/avr5\libgcc.a(_udivmodsi4.o)
                0x00003060                __udivmodsi4
 .text.libgcc   0x000030a4       0x36 c:/users/ucanacuca-pc/documents/arduino-0019/hardware/tools/avr/bin/../lib/gcc/avr/4.3.2/avr5\libgcc.a(_divmodsi4.o)
                0x000030a4                __divmodsi4
 .text.libgcc   0x000030da        0x0 c:/users/ucanacuca-pc/documents/arduino-0019/hardware/tools/avr/bin/../lib/gcc/avr/4.3.2/avr5\libgcc.a(_exit.o)
 .text.libgcc   0x000030da        0x0 c:/users/ucanacuca-pc/documents/arduino-0019/hardware/tools/avr/bin/../lib/gcc/avr/4.3.2/avr5\libgcc.a(_copy_data.o)
 .text.libgcc   0x000030da        0x0 c:/users/ucanacuca-pc/documents/arduino-0019/hardware/tools/avr/bin/../lib/gcc/avr/4.3.2/avr5\libgcc.a(_clear_bss.o)
 .text.libgcc   0x000030da        0x0 c:/users/ucanacuca-pc/documents/arduino-0019/hardware/tools/avr/bin/../lib/gcc/avr/4.3.2/avr5\libgcc.a(_ctors.o)
 .text.libgcc   0x000030da       0x28 c:/users/ucanacuca-pc/documents/arduino-0019/hardware/tools/avr/bin/../lib/gcc/avr/4.3.2/avr5\libgcc.a(_udivmodhi4.o)
                0x000030da                __udivmodhi4
 .text.libgcc   0x00003102       0x38 c:/users/ucanacuca-pc/documents/arduino-0019/hardware/tools/avr/bin/../lib/gcc/avr/4.3.2/avr5\libgcc.a(_prologue.o)
                0x00003102                __prologue_saves__
 .text.libgcc   0x0000313a       0x36 c:/users/ucanacuca-pc/documents/arduino-0019/hardware/tools/avr/bin/../lib/gcc/avr/4.3.2/avr5\libgcc.a(_epilogue.o)
                0x0000313a                __epilogue_restores__
 .text.libgcc   0x00003170        0xc c:/users/ucanacuca-pc/documents/arduino-0019/hardware/tools/avr/bin/../lib/gcc/avr/4.3.2/avr5\libgcc.a(_tablejump.o)
                0x00003174                __tablejump__
                0x00003170                __tablejump2__
 .text.ctype    0x0000317c       0x10 c:/users/ucanacuca-pc/documents/arduino-0019/hardware/tools/avr/bin/../lib/gcc/avr/4.3.2/../../../../avr/lib/avr5\libc.a(isspace.o)
                0x0000317c                isspace
 .text.ctype    0x0000318c       0x10 c:/users/ucanacuca-pc/documents/arduino-0019/hardware/tools/avr/bin/../lib/gcc/avr/4.3.2/../../../../avr/lib/avr5\libc.a(tolower.o)
                0x0000318c                tolower
 .text.ctype    0x0000319c       0x10 c:/users/ucanacuca-pc/documents/arduino-0019/hardware/tools/avr/bin/../lib/gcc/avr/4.3.2/../../../../avr/lib/avr5\libc.a(toupper.o)
                0x0000319c                toupper
 .text.ctype    0x000031ac        0x6 c:/users/ucanacuca-pc/documents/arduino-0019/hardware/tools/avr/bin/../lib/gcc/avr/4.3.2/../../../../avr/lib/avr5\libc.a(cty_isfalse.o)
                0x000031b0                __ctype_istrue
                0x000031ac                __ctype_isfalse
                0x000031b2                . = ALIGN (0x2)
 *(.fini9)
 .fini9         0x000031b2        0x0 c:/users/ucanacuca-pc/documents/arduino-0019/hardware/tools/avr/bin/../lib/gcc/avr/4.3.2/avr5\libgcc.a(_exit.o)
                0x000031b2                exit
                0x000031b2                _exit
 *(.fini9)
 *(.fini8)
 *(.fini8)
 *(.fini7)
 *(.fini7)
 *(.fini6)
 *(.fini6)
 *(.fini5)
 *(.fini5)
 *(.fini4)
 *(.fini4)
 *(.fini3)
 *(.fini3)
 *(.fini2)
 *(.fini2)
 *(.fini1)
 *(.fini1)
 *(.fini0)
 .fini0         0x000031b2        0x4 c:/users/ucanacuca-pc/documents/arduino-0019/hardware/tools/avr/bin/../lib/gcc/avr/4.3.2/avr5\libgcc.a(_exit.o)
 *(.fini0)
                0x000031b6                _etext = .

.data           0x00800100      0x15c load address 0x000031b6
                0x00800100                PROVIDE (__data_start, .)
 *(.data)
 .data          0x00800100        0x0 c:/users/ucanacuca-pc/documents/arduino-0019/hardware/tools/avr/bin/../lib/gcc/avr/4.3.2/../../../../avr/lib/avr5/crtm328p.o
 .data          0x00800100       0x1f .\obj\zerar.pde.cpp.o
 .data          0x0080011f        0x0 .\obj\arduino_runtime_atmega328p_withlibs.a(wiring.c.o)
 .data          0x0080011f       0x22 .\obj\arduino_runtime_atmega328p_withlibs.a(HardwareSerial.cpp.o)
                0x0080011f                vtable for HardwareSerial
                0x00800131                vtable for Stream
 .data          0x00800141        0x0 .\obj\arduino_runtime_atmega328p_withlibs.a(main.cpp.o)
 .data          0x00800141        0xc .\obj\arduino_runtime_atmega328p_withlibs.a(Print.cpp.o)
                0x00800143                vtable for Print
 .data          0x0080014d        0x1 .\obj\arduino_runtime_atmega328p_withlibs.a(WString.cpp.o)
 .data          0x0080014e        0x0 c:/users/ucanacuca-pc/documents/arduino-0019/hardware/tools/avr/bin/../lib/gcc/avr/4.3.2/avr5\libgcc.a(_mulsi3.o)
 .data          0x0080014e        0x0 c:/users/ucanacuca-pc/documents/arduino-0019/hardware/tools/avr/bin/../lib/gcc/avr/4.3.2/avr5\libgcc.a(_divmodhi4.o)
 .data          0x0080014e        0x0 c:/users/ucanacuca-pc/documents/arduino-0019/hardware/tools/avr/bin/../lib/gcc/avr/4.3.2/avr5\libgcc.a(_udivmodsi4.o)
 .data          0x0080014e        0x0 c:/users/ucanacuca-pc/documents/arduino-0019/hardware/tools/avr/bin/../lib/gcc/avr/4.3.2/avr5\libgcc.a(_divmodsi4.o)
 .data          0x0080014e        0x0 c:/users/ucanacuca-pc/documents/arduino-0019/hardware/tools/avr/bin/../lib/gcc/avr/4.3.2/avr5\libgcc.a(_exit.o)
 .data          0x0080014e        0x0 c:/users/ucanacuca-pc/documents/arduino-0019/hardware/tools/avr/bin/../lib/gcc/avr/4.3.2/avr5\libgcc.a(_copy_data.o)
 .data          0x0080014e        0x0 c:/users/ucanacuca-pc/documents/arduino-0019/hardware/tools/avr/bin/../lib/gcc/avr/4.3.2/avr5\libgcc.a(_clear_bss.o)
 .data          0x0080014e        0x0 c:/users/ucanacuca-pc/documents/arduino-0019/hardware/tools/avr/bin/../lib/gcc/avr/4.3.2/avr5\libgcc.a(_ctors.o)
 .data          0x0080014e        0x0 c:/users/ucanacuca-pc/documents/arduino-0019/hardware/tools/avr/bin/../lib/gcc/avr/4.3.2/avr5\libgcc.a(_fixunssfsi.o)
 .data          0x0080014e        0x0 c:/users/ucanacuca-pc/documents/arduino-0019/hardware/tools/avr/bin/../lib/gcc/avr/4.3.2/avr5\libgcc.a(_addsub_sf.o)
 .data          0x0080014e        0x0 c:/users/ucanacuca-pc/documents/arduino-0019/hardware/tools/avr/bin/../lib/gcc/avr/4.3.2/avr5\libgcc.a(_mul_sf.o)
 .data          0x0080014e        0x0 c:/users/ucanacuca-pc/documents/arduino-0019/hardware/tools/avr/bin/../lib/gcc/avr/4.3.2/avr5\libgcc.a(_div_sf.o)
 .data          0x0080014e        0x0 c:/users/ucanacuca-pc/documents/arduino-0019/hardware/tools/avr/bin/../lib/gcc/avr/4.3.2/avr5\libgcc.a(_ge_sf.o)
 .data          0x0080014e        0x0 c:/users/ucanacuca-pc/documents/arduino-0019/hardware/tools/avr/bin/../lib/gcc/avr/4.3.2/avr5\libgcc.a(_lt_sf.o)
 .data          0x0080014e        0x0 c:/users/ucanacuca-pc/documents/arduino-0019/hardware/tools/avr/bin/../lib/gcc/avr/4.3.2/avr5\libgcc.a(_si_to_sf.o)
 .data          0x0080014e        0x0 c:/users/ucanacuca-pc/documents/arduino-0019/hardware/tools/avr/bin/../lib/gcc/avr/4.3.2/avr5\libgcc.a(_sf_to_si.o)
 .data          0x0080014e        0x8 c:/users/ucanacuca-pc/documents/arduino-0019/hardware/tools/avr/bin/../lib/gcc/avr/4.3.2/avr5\libgcc.a(_thenan_sf.o)
                0x0080014e                __thenan_sf
 .data          0x00800156        0x0 c:/users/ucanacuca-pc/documents/arduino-0019/hardware/tools/avr/bin/../lib/gcc/avr/4.3.2/avr5\libgcc.a(_usi_to_sf.o)
 .data          0x00800156        0x0 c:/users/ucanacuca-pc/documents/arduino-0019/hardware/tools/avr/bin/../lib/gcc/avr/4.3.2/avr5\libgcc.a(_udivmodhi4.o)
 .data          0x00800156        0x0 c:/users/ucanacuca-pc/documents/arduino-0019/hardware/tools/avr/bin/../lib/gcc/avr/4.3.2/avr5\libgcc.a(_prologue.o)
 .data          0x00800156        0x0 c:/users/ucanacuca-pc/documents/arduino-0019/hardware/tools/avr/bin/../lib/gcc/avr/4.3.2/avr5\libgcc.a(_epilogue.o)
 .data          0x00800156        0x0 c:/users/ucanacuca-pc/documents/arduino-0019/hardware/tools/avr/bin/../lib/gcc/avr/4.3.2/avr5\libgcc.a(_tablejump.o)
 .data          0x00800156        0x0 c:/users/ucanacuca-pc/documents/arduino-0019/hardware/tools/avr/bin/../lib/gcc/avr/4.3.2/avr5\libgcc.a(_clzsi2.o)
 .data          0x00800156        0x0 c:/users/ucanacuca-pc/documents/arduino-0019/hardware/tools/avr/bin/../lib/gcc/avr/4.3.2/avr5\libgcc.a(_pack_sf.o)
 .data          0x00800156        0x0 c:/users/ucanacuca-pc/documents/arduino-0019/hardware/tools/avr/bin/../lib/gcc/avr/4.3.2/avr5\libgcc.a(_unpack_sf.o)
 .data          0x00800156        0x0 c:/users/ucanacuca-pc/documents/arduino-0019/hardware/tools/avr/bin/../lib/gcc/avr/4.3.2/avr5\libgcc.a(_fpcmp_parts_sf.o)
 .data          0x00800156      0x100 c:/users/ucanacuca-pc/documents/arduino-0019/hardware/tools/avr/bin/../lib/gcc/avr/4.3.2/avr5\libgcc.a(_clz.o)
                0x00800156                __clz_tab
 .data          0x00800256        0x6 c:/users/ucanacuca-pc/documents/arduino-0019/hardware/tools/avr/bin/../lib/gcc/avr/4.3.2/../../../../avr/lib/avr5\libc.a(malloc.o)
                0x00800258                __malloc_heap_start
                0x0080025a                __malloc_heap_end
                0x00800256                __malloc_margin
 .data          0x0080025c        0x0 c:/users/ucanacuca-pc/documents/arduino-0019/hardware/tools/avr/bin/../lib/gcc/avr/4.3.2/../../../../avr/lib/avr5\libc.a(isspace.o)
 .data          0x0080025c        0x0 c:/users/ucanacuca-pc/documents/arduino-0019/hardware/tools/avr/bin/../lib/gcc/avr/4.3.2/../../../../avr/lib/avr5\libc.a(tolower.o)
 .data          0x0080025c        0x0 c:/users/ucanacuca-pc/documents/arduino-0019/hardware/tools/avr/bin/../lib/gcc/avr/4.3.2/../../../../avr/lib/avr5\libc.a(toupper.o)
 .data          0x0080025c        0x0 c:/users/ucanacuca-pc/documents/arduino-0019/hardware/tools/avr/bin/../lib/gcc/avr/4.3.2/../../../../avr/lib/avr5\libc.a(strcat.o)
 .data          0x0080025c        0x0 c:/users/ucanacuca-pc/documents/arduino-0019/hardware/tools/avr/bin/../lib/gcc/avr/4.3.2/../../../../avr/lib/avr5\libc.a(strchr.o)
 .data          0x0080025c        0x0 c:/users/ucanacuca-pc/documents/arduino-0019/hardware/tools/avr/bin/../lib/gcc/avr/4.3.2/../../../../avr/lib/avr5\libc.a(strcmp.o)
 .data          0x0080025c        0x0 c:/users/ucanacuca-pc/documents/arduino-0019/hardware/tools/avr/bin/../lib/gcc/avr/4.3.2/../../../../avr/lib/avr5\libc.a(strcpy.o)
 .data          0x0080025c        0x0 c:/users/ucanacuca-pc/documents/arduino-0019/hardware/tools/avr/bin/../lib/gcc/avr/4.3.2/../../../../avr/lib/avr5\libc.a(strncmp.o)
 .data          0x0080025c        0x0 c:/users/ucanacuca-pc/documents/arduino-0019/hardware/tools/avr/bin/../lib/gcc/avr/4.3.2/../../../../avr/lib/avr5\libc.a(strncpy.o)
 .data          0x0080025c        0x0 c:/users/ucanacuca-pc/documents/arduino-0019/hardware/tools/avr/bin/../lib/gcc/avr/4.3.2/../../../../avr/lib/avr5\libc.a(strrchr.o)
 .data          0x0080025c        0x0 c:/users/ucanacuca-pc/documents/arduino-0019/hardware/tools/avr/bin/../lib/gcc/avr/4.3.2/../../../../avr/lib/avr5\libc.a(strstr.o)
 .data          0x0080025c        0x0 c:/users/ucanacuca-pc/documents/arduino-0019/hardware/tools/avr/bin/../lib/gcc/avr/4.3.2/../../../../avr/lib/avr5\libc.a(itoa.o)
 .data          0x0080025c        0x0 c:/users/ucanacuca-pc/documents/arduino-0019/hardware/tools/avr/bin/../lib/gcc/avr/4.3.2/../../../../avr/lib/avr5\libc.a(ltoa.o)
 .data          0x0080025c        0x0 c:/users/ucanacuca-pc/documents/arduino-0019/hardware/tools/avr/bin/../lib/gcc/avr/4.3.2/../../../../avr/lib/avr5\libc.a(ultoa.o)
 .data          0x0080025c        0x0 c:/users/ucanacuca-pc/documents/arduino-0019/hardware/tools/avr/bin/../lib/gcc/avr/4.3.2/../../../../avr/lib/avr5\libc.a(cty_isfalse.o)
 .data          0x0080025c        0x0 c:/users/ucanacuca-pc/documents/arduino-0019/hardware/tools/avr/bin/../lib/gcc/avr/4.3.2/../../../../avr/lib/avr5\libc.a(strrev.o)
 *(.data*)
 *(.rodata)
 *(.rodata*)
 *(.gnu.linkonce.d*)
                0x0080025c                . = ALIGN (0x2)
                0x0080025c                _edata = .
                0x0080025c                PROVIDE (__data_end, .)

.bss            0x0080025c       0xa7
                0x0080025c                PROVIDE (__bss_start, .)
 *(.bss)
 .bss           0x0080025c        0x0 c:/users/ucanacuca-pc/documents/arduino-0019/hardware/tools/avr/bin/../lib/gcc/avr/4.3.2/../../../../avr/lib/avr5/crtm328p.o
 .bss           0x0080025c        0x2 .\obj\zerar.pde.cpp.o
                0x0080025c                resetFunc
 .bss           0x0080025e        0x9 .\obj\arduino_runtime_atmega328p_withlibs.a(wiring.c.o)
                0x0080025e                timer0_overflow_count
                0x00800262                timer0_millis
 .bss           0x00800267       0x97 .\obj\arduino_runtime_atmega328p_withlibs.a(HardwareSerial.cpp.o)
                0x00800267                rx_buffer
                0x008002eb                Serial
 .bss           0x008002fe        0x0 .\obj\arduino_runtime_atmega328p_withlibs.a(main.cpp.o)
 .bss           0x008002fe        0x0 .\obj\arduino_runtime_atmega328p_withlibs.a(Print.cpp.o)
 .bss           0x008002fe        0x1 .\obj\arduino_runtime_atmega328p_withlibs.a(WString.cpp.o)
 .bss           0x008002ff        0x0 c:/users/ucanacuca-pc/documents/arduino-0019/hardware/tools/avr/bin/../lib/gcc/avr/4.3.2/avr5\libgcc.a(_mulsi3.o)
 .bss           0x008002ff        0x0 c:/users/ucanacuca-pc/documents/arduino-0019/hardware/tools/avr/bin/../lib/gcc/avr/4.3.2/avr5\libgcc.a(_divmodhi4.o)
 .bss           0x008002ff        0x0 c:/users/ucanacuca-pc/documents/arduino-0019/hardware/tools/avr/bin/../lib/gcc/avr/4.3.2/avr5\libgcc.a(_udivmodsi4.o)
 .bss           0x008002ff        0x0 c:/users/ucanacuca-pc/documents/arduino-0019/hardware/tools/avr/bin/../lib/gcc/avr/4.3.2/avr5\libgcc.a(_divmodsi4.o)
 .bss           0x008002ff        0x0 c:/users/ucanacuca-pc/documents/arduino-0019/hardware/tools/avr/bin/../lib/gcc/avr/4.3.2/avr5\libgcc.a(_exit.o)
 .bss           0x008002ff        0x0 c:/users/ucanacuca-pc/documents/arduino-0019/hardware/tools/avr/bin/../lib/gcc/avr/4.3.2/avr5\libgcc.a(_copy_data.o)
 .bss           0x008002ff        0x0 c:/users/ucanacuca-pc/documents/arduino-0019/hardware/tools/avr/bin/../lib/gcc/avr/4.3.2/avr5\libgcc.a(_clear_bss.o)
 .bss           0x008002ff        0x0 c:/users/ucanacuca-pc/documents/arduino-0019/hardware/tools/avr/bin/../lib/gcc/avr/4.3.2/avr5\libgcc.a(_ctors.o)
 .bss           0x008002ff        0x0 c:/users/ucanacuca-pc/documents/arduino-0019/hardware/tools/avr/bin/../lib/gcc/avr/4.3.2/avr5\libgcc.a(_fixunssfsi.o)
 .bss           0x008002ff        0x0 c:/users/ucanacuca-pc/documents/arduino-0019/hardware/tools/avr/bin/../lib/gcc/avr/4.3.2/avr5\libgcc.a(_addsub_sf.o)
 .bss           0x008002ff        0x0 c:/users/ucanacuca-pc/documents/arduino-0019/hardware/tools/avr/bin/../lib/gcc/avr/4.3.2/avr5\libgcc.a(_mul_sf.o)
 .bss           0x008002ff        0x0 c:/users/ucanacuca-pc/documents/arduino-0019/hardware/tools/avr/bin/../lib/gcc/avr/4.3.2/avr5\libgcc.a(_div_sf.o)
 .bss           0x008002ff        0x0 c:/users/ucanacuca-pc/documents/arduino-0019/hardware/tools/avr/bin/../lib/gcc/avr/4.3.2/avr5\libgcc.a(_ge_sf.o)
 .bss           0x008002ff        0x0 c:/users/ucanacuca-pc/documents/arduino-0019/hardware/tools/avr/bin/../lib/gcc/avr/4.3.2/avr5\libgcc.a(_lt_sf.o)
 .bss           0x008002ff        0x0 c:/users/ucanacuca-pc/documents/arduino-0019/hardware/tools/avr/bin/../lib/gcc/avr/4.3.2/avr5\libgcc.a(_si_to_sf.o)
 .bss           0x008002ff        0x0 c:/users/ucanacuca-pc/documents/arduino-0019/hardware/tools/avr/bin/../lib/gcc/avr/4.3.2/avr5\libgcc.a(_sf_to_si.o)
 .bss           0x008002ff        0x0 c:/users/ucanacuca-pc/documents/arduino-0019/hardware/tools/avr/bin/../lib/gcc/avr/4.3.2/avr5\libgcc.a(_thenan_sf.o)
 .bss           0x008002ff        0x0 c:/users/ucanacuca-pc/documents/arduino-0019/hardware/tools/avr/bin/../lib/gcc/avr/4.3.2/avr5\libgcc.a(_usi_to_sf.o)
 .bss           0x008002ff        0x0 c:/users/ucanacuca-pc/documents/arduino-0019/hardware/tools/avr/bin/../lib/gcc/avr/4.3.2/avr5\libgcc.a(_udivmodhi4.o)
 .bss           0x008002ff        0x0 c:/users/ucanacuca-pc/documents/arduino-0019/hardware/tools/avr/bin/../lib/gcc/avr/4.3.2/avr5\libgcc.a(_prologue.o)
 .bss           0x008002ff        0x0 c:/users/ucanacuca-pc/documents/arduino-0019/hardware/tools/avr/bin/../lib/gcc/avr/4.3.2/avr5\libgcc.a(_epilogue.o)
 .bss           0x008002ff        0x0 c:/users/ucanacuca-pc/documents/arduino-0019/hardware/tools/avr/bin/../lib/gcc/avr/4.3.2/avr5\libgcc.a(_tablejump.o)
 .bss           0x008002ff        0x0 c:/users/ucanacuca-pc/documents/arduino-0019/hardware/tools/avr/bin/../lib/gcc/avr/4.3.2/avr5\libgcc.a(_clzsi2.o)
 .bss           0x008002ff        0x0 c:/users/ucanacuca-pc/documents/arduino-0019/hardware/tools/avr/bin/../lib/gcc/avr/4.3.2/avr5\libgcc.a(_pack_sf.o)
 .bss           0x008002ff        0x0 c:/users/ucanacuca-pc/documents/arduino-0019/hardware/tools/avr/bin/../lib/gcc/avr/4.3.2/avr5\libgcc.a(_unpack_sf.o)
 .bss           0x008002ff        0x0 c:/users/ucanacuca-pc/documents/arduino-0019/hardware/tools/avr/bin/../lib/gcc/avr/4.3.2/avr5\libgcc.a(_fpcmp_parts_sf.o)
 .bss           0x008002ff        0x0 c:/users/ucanacuca-pc/documents/arduino-0019/hardware/tools/avr/bin/../lib/gcc/avr/4.3.2/avr5\libgcc.a(_clz.o)
 .bss           0x008002ff        0x0 c:/users/ucanacuca-pc/documents/arduino-0019/hardware/tools/avr/bin/../lib/gcc/avr/4.3.2/../../../../avr/lib/avr5\libc.a(malloc.o)
 .bss           0x008002ff        0x0 c:/users/ucanacuca-pc/documents/arduino-0019/hardware/tools/avr/bin/../lib/gcc/avr/4.3.2/../../../../avr/lib/avr5\libc.a(isspace.o)
 .bss           0x008002ff        0x0 c:/users/ucanacuca-pc/documents/arduino-0019/hardware/tools/avr/bin/../lib/gcc/avr/4.3.2/../../../../avr/lib/avr5\libc.a(tolower.o)
 .bss           0x008002ff        0x0 c:/users/ucanacuca-pc/documents/arduino-0019/hardware/tools/avr/bin/../lib/gcc/avr/4.3.2/../../../../avr/lib/avr5\libc.a(toupper.o)
 .bss           0x008002ff        0x0 c:/users/ucanacuca-pc/documents/arduino-0019/hardware/tools/avr/bin/../lib/gcc/avr/4.3.2/../../../../avr/lib/avr5\libc.a(strcat.o)
 .bss           0x008002ff        0x0 c:/users/ucanacuca-pc/documents/arduino-0019/hardware/tools/avr/bin/../lib/gcc/avr/4.3.2/../../../../avr/lib/avr5\libc.a(strchr.o)
 .bss           0x008002ff        0x0 c:/users/ucanacuca-pc/documents/arduino-0019/hardware/tools/avr/bin/../lib/gcc/avr/4.3.2/../../../../avr/lib/avr5\libc.a(strcmp.o)
 .bss           0x008002ff        0x0 c:/users/ucanacuca-pc/documents/arduino-0019/hardware/tools/avr/bin/../lib/gcc/avr/4.3.2/../../../../avr/lib/avr5\libc.a(strcpy.o)
 .bss           0x008002ff        0x0 c:/users/ucanacuca-pc/documents/arduino-0019/hardware/tools/avr/bin/../lib/gcc/avr/4.3.2/../../../../avr/lib/avr5\libc.a(strncmp.o)
 .bss           0x008002ff        0x0 c:/users/ucanacuca-pc/documents/arduino-0019/hardware/tools/avr/bin/../lib/gcc/avr/4.3.2/../../../../avr/lib/avr5\libc.a(strncpy.o)
 .bss           0x008002ff        0x0 c:/users/ucanacuca-pc/documents/arduino-0019/hardware/tools/avr/bin/../lib/gcc/avr/4.3.2/../../../../avr/lib/avr5\libc.a(strrchr.o)
 .bss           0x008002ff        0x0 c:/users/ucanacuca-pc/documents/arduino-0019/hardware/tools/avr/bin/../lib/gcc/avr/4.3.2/../../../../avr/lib/avr5\libc.a(strstr.o)
 .bss           0x008002ff        0x0 c:/users/ucanacuca-pc/documents/arduino-0019/hardware/tools/avr/bin/../lib/gcc/avr/4.3.2/../../../../avr/lib/avr5\libc.a(itoa.o)
 .bss           0x008002ff        0x0 c:/users/ucanacuca-pc/documents/arduino-0019/hardware/tools/avr/bin/../lib/gcc/avr/4.3.2/../../../../avr/lib/avr5\libc.a(ltoa.o)
 .bss           0x008002ff        0x0 c:/users/ucanacuca-pc/documents/arduino-0019/hardware/tools/avr/bin/../lib/gcc/avr/4.3.2/../../../../avr/lib/avr5\libc.a(ultoa.o)
 .bss           0x008002ff        0x0 c:/users/ucanacuca-pc/documents/arduino-0019/hardware/tools/avr/bin/../lib/gcc/avr/4.3.2/../../../../avr/lib/avr5\libc.a(cty_isfalse.o)
 .bss           0x008002ff        0x0 c:/users/ucanacuca-pc/documents/arduino-0019/hardware/tools/avr/bin/../lib/gcc/avr/4.3.2/../../../../avr/lib/avr5\libc.a(strrev.o)
 *(.bss*)
 *(COMMON)
 COMMON         0x008002ff        0x4 c:/users/ucanacuca-pc/documents/arduino-0019/hardware/tools/avr/bin/../lib/gcc/avr/4.3.2/../../../../avr/lib/avr5\libc.a(malloc.o)
                0x008002ff                __brkval
                0x00800301                __flp
                0x00800303                PROVIDE (__bss_end, .)
                0x000031b6                __data_load_start = LOADADDR (.data)
                0x00003312                __data_load_end = (__data_load_start + SIZEOF (.data))

.noinit         0x00800303        0x0
                0x00800303                PROVIDE (__noinit_start, .)
 *(.noinit*)
                0x00800303                PROVIDE (__noinit_end, .)
                0x00800303                _end = .
                0x00800303                PROVIDE (__heap_start, .)

.eeprom         0x00810000        0x0
 *(.eeprom*)
                0x00810000                __eeprom_end = .

.fuse
 *(.fuse)
 *(.lfuse)
 *(.hfuse)
 *(.efuse)

.lock
 *(.lock*)

.signature
 *(.signature*)

.stab
 *(.stab)

.stabstr
 *(.stabstr)

.stab.excl
 *(.stab.excl)

.stab.exclstr
 *(.stab.exclstr)

.stab.index
 *(.stab.index)

.stab.indexstr
 *(.stab.indexstr)

.comment
 *(.comment)

.debug
 *(.debug)

.line
 *(.line)

.debug_srcinfo
 *(.debug_srcinfo)

.debug_sfnames
 *(.debug_sfnames)

.debug_aranges  0x00000000       0xc0
 *(.debug_aranges)
 .debug_aranges
                0x00000000       0x20 .\obj\zerar.pde.cpp.o
 .debug_aranges
                0x00000020       0x20 .\obj\arduino_runtime_atmega328p_withlibs.a(wiring.c.o)
 .debug_aranges
                0x00000040       0x20 .\obj\arduino_runtime_atmega328p_withlibs.a(HardwareSerial.cpp.o)
 .debug_aranges
                0x00000060       0x20 .\obj\arduino_runtime_atmega328p_withlibs.a(main.cpp.o)
 .debug_aranges
                0x00000080       0x20 .\obj\arduino_runtime_atmega328p_withlibs.a(Print.cpp.o)
 .debug_aranges
                0x000000a0       0x20 .\obj\arduino_runtime_atmega328p_withlibs.a(WString.cpp.o)

.debug_pubnames
                0x00000000      0x867
 *(.debug_pubnames)
 .debug_pubnames
                0x00000000       0x4a .\obj\zerar.pde.cpp.o
 .debug_pubnames
                0x0000004a       0x8d .\obj\arduino_runtime_atmega328p_withlibs.a(wiring.c.o)
 .debug_pubnames
                0x000000d7      0x137 .\obj\arduino_runtime_atmega328p_withlibs.a(HardwareSerial.cpp.o)
 .debug_pubnames
                0x0000020e       0x1b .\obj\arduino_runtime_atmega328p_withlibs.a(main.cpp.o)
 .debug_pubnames
                0x00000229      0x1b8 .\obj\arduino_runtime_atmega328p_withlibs.a(Print.cpp.o)
 .debug_pubnames
                0x000003e1      0x486 .\obj\arduino_runtime_atmega328p_withlibs.a(WString.cpp.o)

.debug_info     0x00000000     0x35fc
 *(.debug_info)
 .debug_info    0x00000000      0x132 .\obj\zerar.pde.cpp.o
 .debug_info    0x00000132      0x262 .\obj\arduino_runtime_atmega328p_withlibs.a(wiring.c.o)
 .debug_info    0x00000394      0x8d3 .\obj\arduino_runtime_atmega328p_withlibs.a(HardwareSerial.cpp.o)
 .debug_info    0x00000c67       0xe0 .\obj\arduino_runtime_atmega328p_withlibs.a(main.cpp.o)
 .debug_info    0x00000d47     0x125b .\obj\arduino_runtime_atmega328p_withlibs.a(Print.cpp.o)
 .debug_info    0x00001fa2     0x165a .\obj\arduino_runtime_atmega328p_withlibs.a(WString.cpp.o)
 *(.gnu.linkonce.wi.*)

.debug_abbrev   0x00000000      0x9fb
 *(.debug_abbrev)
 .debug_abbrev  0x00000000       0x99 .\obj\zerar.pde.cpp.o
 .debug_abbrev  0x00000099      0x14d .\obj\arduino_runtime_atmega328p_withlibs.a(wiring.c.o)
 .debug_abbrev  0x000001e6      0x2d8 .\obj\arduino_runtime_atmega328p_withlibs.a(HardwareSerial.cpp.o)
 .debug_abbrev  0x000004be       0x60 .\obj\arduino_runtime_atmega328p_withlibs.a(main.cpp.o)
 .debug_abbrev  0x0000051e      0x267 .\obj\arduino_runtime_atmega328p_withlibs.a(Print.cpp.o)
 .debug_abbrev  0x00000785      0x276 .\obj\arduino_runtime_atmega328p_withlibs.a(WString.cpp.o)

.debug_line     0x00000000     0x1b53
 *(.debug_line)
 .debug_line    0x00000000      0x194 .\obj\zerar.pde.cpp.o
 .debug_line    0x00000194      0x33b .\obj\arduino_runtime_atmega328p_withlibs.a(wiring.c.o)
 .debug_line    0x000004cf      0x4c0 .\obj\arduino_runtime_atmega328p_withlibs.a(HardwareSerial.cpp.o)
 .debug_line    0x0000098f      0x179 .\obj\arduino_runtime_atmega328p_withlibs.a(main.cpp.o)
 .debug_line    0x00000b08      0x58f .\obj\arduino_runtime_atmega328p_withlibs.a(Print.cpp.o)
 .debug_line    0x00001097      0xabc .\obj\arduino_runtime_atmega328p_withlibs.a(WString.cpp.o)

.debug_frame    0x00000000      0x680
 *(.debug_frame)
 .debug_frame   0x00000000       0x40 .\obj\zerar.pde.cpp.o
 .debug_frame   0x00000040       0x70 .\obj\arduino_runtime_atmega328p_withlibs.a(wiring.c.o)
 .debug_frame   0x000000b0       0xc0 .\obj\arduino_runtime_atmega328p_withlibs.a(HardwareSerial.cpp.o)
 .debug_frame   0x00000170       0x20 .\obj\arduino_runtime_atmega328p_withlibs.a(main.cpp.o)
 .debug_frame   0x00000190      0x180 .\obj\arduino_runtime_atmega328p_withlibs.a(Print.cpp.o)
 .debug_frame   0x00000310      0x370 .\obj\arduino_runtime_atmega328p_withlibs.a(WString.cpp.o)

.debug_str      0x00000000      0xcfd
 *(.debug_str)
 .debug_str     0x00000000       0xb5 .\obj\zerar.pde.cpp.o
                                 0xf5 (size before relaxing)
 .debug_str     0x000000b5       0xd9 .\obj\arduino_runtime_atmega328p_withlibs.a(wiring.c.o)
                                0x154 (size before relaxing)
 .debug_str     0x0000018e      0x29e .\obj\arduino_runtime_atmega328p_withlibs.a(HardwareSerial.cpp.o)
                                0x3a2 (size before relaxing)
 .debug_str     0x0000042c       0x5a .\obj\arduino_runtime_atmega328p_withlibs.a(main.cpp.o)
                                 0xdc (size before relaxing)
 .debug_str     0x00000486      0x767 .\obj\arduino_runtime_atmega328p_withlibs.a(Print.cpp.o)
                                0x838 (size before relaxing)
 .debug_str     0x00000bed      0x110 .\obj\arduino_runtime_atmega328p_withlibs.a(WString.cpp.o)
                                0x65f (size before relaxing)

.debug_loc      0x00000000     0x24b4
 *(.debug_loc)
 .debug_loc     0x00000000      0x16d .\obj\arduino_runtime_atmega328p_withlibs.a(wiring.c.o)
 .debug_loc     0x0000016d      0x361 .\obj\arduino_runtime_atmega328p_withlibs.a(HardwareSerial.cpp.o)
 .debug_loc     0x000004ce      0xb37 .\obj\arduino_runtime_atmega328p_withlibs.a(Print.cpp.o)
 .debug_loc     0x00001005     0x14af .\obj\arduino_runtime_atmega328p_withlibs.a(WString.cpp.o)

.debug_macinfo
 *(.debug_macinfo)
OUTPUT(.\obj\zerar.pde.elf elf32-avr)
LOAD linker stubs

Cross Reference Table

Symbol                                            File
HardwareSerial::HardwareSerial(ring_buffer*, unsigned char volatile*, unsigned char volatile*, unsigned char volatile*, unsigned char volatile*, unsigned char volatile*, unsigned char, unsigned char, unsigned char, unsigned char, unsigned char) .\obj\arduino_runtime_atmega328p_withlibs.a(HardwareSerial.cpp.o)
HardwareSerial::HardwareSerial(ring_buffer*, unsigned char volatile*, unsigned char volatile*, unsigned char volatile*, unsigned char volatile*, unsigned char volatile*, unsigned char, unsigned char, unsigned char, unsigned char, unsigned char) .\obj\arduino_runtime_atmega328p_withlibs.a(HardwareSerial.cpp.o)
HardwareSerial::available()                       .\obj\arduino_runtime_atmega328p_withlibs.a(HardwareSerial.cpp.o)
HardwareSerial::begin(long)                       .\obj\arduino_runtime_atmega328p_withlibs.a(HardwareSerial.cpp.o)
                                                  .\obj\zerar.pde.cpp.o
HardwareSerial::end()                             .\obj\arduino_runtime_atmega328p_withlibs.a(HardwareSerial.cpp.o)
HardwareSerial::flush()                           .\obj\arduino_runtime_atmega328p_withlibs.a(HardwareSerial.cpp.o)
HardwareSerial::peek()                            .\obj\arduino_runtime_atmega328p_withlibs.a(HardwareSerial.cpp.o)
HardwareSerial::read()                            .\obj\arduino_runtime_atmega328p_withlibs.a(HardwareSerial.cpp.o)
HardwareSerial::write(unsigned char)              .\obj\arduino_runtime_atmega328p_withlibs.a(HardwareSerial.cpp.o)
Print::print(String const&)                       .\obj\arduino_runtime_atmega328p_withlibs.a(Print.cpp.o)
Print::print(char const*)                         .\obj\arduino_runtime_atmega328p_withlibs.a(Print.cpp.o)
Print::print(char, int)                           .\obj\arduino_runtime_atmega328p_withlibs.a(Print.cpp.o)
Print::print(double, int)                         .\obj\arduino_runtime_atmega328p_withlibs.a(Print.cpp.o)
Print::print(int, int)                            .\obj\arduino_runtime_atmega328p_withlibs.a(Print.cpp.o)
Print::print(long, int)                           .\obj\arduino_runtime_atmega328p_withlibs.a(Print.cpp.o)
Print::print(unsigned char, int)                  .\obj\arduino_runtime_atmega328p_withlibs.a(Print.cpp.o)
Print::print(unsigned int, int)                   .\obj\arduino_runtime_atmega328p_withlibs.a(Print.cpp.o)
Print::print(unsigned long, int)                  .\obj\arduino_runtime_atmega328p_withlibs.a(Print.cpp.o)
Print::printFloat(double, unsigned char)          .\obj\arduino_runtime_atmega328p_withlibs.a(Print.cpp.o)
Print::printNumber(unsigned long, unsigned char)  .\obj\arduino_runtime_atmega328p_withlibs.a(Print.cpp.o)
Print::println()                                  .\obj\arduino_runtime_atmega328p_withlibs.a(Print.cpp.o)
Print::println(String const&)                     .\obj\arduino_runtime_atmega328p_withlibs.a(Print.cpp.o)
Print::println(char const*)                       .\obj\arduino_runtime_atmega328p_withlibs.a(Print.cpp.o)
                                                  .\obj\zerar.pde.cpp.o
Print::println(char, int)                         .\obj\arduino_runtime_atmega328p_withlibs.a(Print.cpp.o)
Print::println(double, int)                       .\obj\arduino_runtime_atmega328p_withlibs.a(Print.cpp.o)
Print::println(int, int)                          .\obj\arduino_runtime_atmega328p_withlibs.a(Print.cpp.o)
Print::println(long, int)                         .\obj\arduino_runtime_atmega328p_withlibs.a(Print.cpp.o)
Print::println(unsigned char, int)                .\obj\arduino_runtime_atmega328p_withlibs.a(Print.cpp.o)
Print::println(unsigned int, int)                 .\obj\arduino_runtime_atmega328p_withlibs.a(Print.cpp.o)
Print::println(unsigned long, int)                .\obj\arduino_runtime_atmega328p_withlibs.a(Print.cpp.o)
Print::write(char const*)                         .\obj\arduino_runtime_atmega328p_withlibs.a(Print.cpp.o)
                                                  .\obj\arduino_runtime_atmega328p_withlibs.a(HardwareSerial.cpp.o)
Print::write(unsigned char const*, unsigned int)  .\obj\arduino_runtime_atmega328p_withlibs.a(Print.cpp.o)
                                                  .\obj\arduino_runtime_atmega328p_withlibs.a(HardwareSerial.cpp.o)
Serial                                            .\obj\arduino_runtime_atmega328p_withlibs.a(HardwareSerial.cpp.o)
                                                  .\obj\zerar.pde.cpp.o
String::String(String const&)                     .\obj\arduino_runtime_atmega328p_withlibs.a(WString.cpp.o)
String::String(String const&)                     .\obj\arduino_runtime_atmega328p_withlibs.a(WString.cpp.o)
String::String(char const*)                       .\obj\arduino_runtime_atmega328p_withlibs.a(WString.cpp.o)
String::String(char const*)                       .\obj\arduino_runtime_atmega328p_withlibs.a(WString.cpp.o)
String::String(char)                              .\obj\arduino_runtime_atmega328p_withlibs.a(WString.cpp.o)
String::String(char)                              .\obj\arduino_runtime_atmega328p_withlibs.a(WString.cpp.o)
String::String(int, int)                          .\obj\arduino_runtime_atmega328p_withlibs.a(WString.cpp.o)
String::String(int, int)                          .\obj\arduino_runtime_atmega328p_withlibs.a(WString.cpp.o)
String::String(long, int)                         .\obj\arduino_runtime_atmega328p_withlibs.a(WString.cpp.o)
String::String(long, int)                         .\obj\arduino_runtime_atmega328p_withlibs.a(WString.cpp.o)
String::String(unsigned char)                     .\obj\arduino_runtime_atmega328p_withlibs.a(WString.cpp.o)
String::String(unsigned char)                     .\obj\arduino_runtime_atmega328p_withlibs.a(WString.cpp.o)
String::String(unsigned int, int)                 .\obj\arduino_runtime_atmega328p_withlibs.a(WString.cpp.o)
String::String(unsigned int, int)                 .\obj\arduino_runtime_atmega328p_withlibs.a(WString.cpp.o)
String::String(unsigned long, int)                .\obj\arduino_runtime_atmega328p_withlibs.a(WString.cpp.o)
String::String(unsigned long, int)                .\obj\arduino_runtime_atmega328p_withlibs.a(WString.cpp.o)
String::charAt(unsigned int) const                .\obj\arduino_runtime_atmega328p_withlibs.a(WString.cpp.o)
String::compareTo(String const&) const            .\obj\arduino_runtime_atmega328p_withlibs.a(WString.cpp.o)
String::concat(String const&)                     .\obj\arduino_runtime_atmega328p_withlibs.a(WString.cpp.o)
String::endsWith(String const&) const             .\obj\arduino_runtime_atmega328p_withlibs.a(WString.cpp.o)
String::equals(String const&) const               .\obj\arduino_runtime_atmega328p_withlibs.a(WString.cpp.o)
String::equalsIgnoreCase(String const&) const     .\obj\arduino_runtime_atmega328p_withlibs.a(WString.cpp.o)
String::getBuffer(unsigned int)                   .\obj\arduino_runtime_atmega328p_withlibs.a(WString.cpp.o)
String::getBytes(unsigned char*, unsigned int)    .\obj\arduino_runtime_atmega328p_withlibs.a(WString.cpp.o)
String::indexOf(String const&) const              .\obj\arduino_runtime_atmega328p_withlibs.a(WString.cpp.o)
String::indexOf(String const&, unsigned int) const .\obj\arduino_runtime_atmega328p_withlibs.a(WString.cpp.o)
String::indexOf(char) const                       .\obj\arduino_runtime_atmega328p_withlibs.a(WString.cpp.o)
String::indexOf(char, unsigned int) const         .\obj\arduino_runtime_atmega328p_withlibs.a(WString.cpp.o)
String::lastIndexOf(String const&) const          .\obj\arduino_runtime_atmega328p_withlibs.a(WString.cpp.o)
String::lastIndexOf(String const&, unsigned int) const .\obj\arduino_runtime_atmega328p_withlibs.a(WString.cpp.o)
String::lastIndexOf(char) const                   .\obj\arduino_runtime_atmega328p_withlibs.a(WString.cpp.o)
String::lastIndexOf(char, unsigned int) const     .\obj\arduino_runtime_atmega328p_withlibs.a(WString.cpp.o)
String::operator!=(String const&) const           .\obj\arduino_runtime_atmega328p_withlibs.a(WString.cpp.o)
String::operator+=(String const&)                 .\obj\arduino_runtime_atmega328p_withlibs.a(WString.cpp.o)
String::operator<(String const&) const            .\obj\arduino_runtime_atmega328p_withlibs.a(WString.cpp.o)
String::operator<=(String const&) const           .\obj\arduino_runtime_atmega328p_withlibs.a(WString.cpp.o)
String::operator=(String const&)                  .\obj\arduino_runtime_atmega328p_withlibs.a(WString.cpp.o)
String::operator==(String const&) const           .\obj\arduino_runtime_atmega328p_withlibs.a(WString.cpp.o)
String::operator>(String const&) const            .\obj\arduino_runtime_atmega328p_withlibs.a(WString.cpp.o)
String::operator>=(String const&) const           .\obj\arduino_runtime_atmega328p_withlibs.a(WString.cpp.o)
String::operator[](unsigned int)                  .\obj\arduino_runtime_atmega328p_withlibs.a(WString.cpp.o)
String::operator[](unsigned int) const            .\obj\arduino_runtime_atmega328p_withlibs.a(WString.cpp.o)
                                                  .\obj\arduino_runtime_atmega328p_withlibs.a(Print.cpp.o)
String::replace(String const&, String const&)     .\obj\arduino_runtime_atmega328p_withlibs.a(WString.cpp.o)
String::replace(char, char)                       .\obj\arduino_runtime_atmega328p_withlibs.a(WString.cpp.o)
String::setCharAt(unsigned int, char)             .\obj\arduino_runtime_atmega328p_withlibs.a(WString.cpp.o)
String::startsWith(String const&) const           .\obj\arduino_runtime_atmega328p_withlibs.a(WString.cpp.o)
String::startsWith(String const&, unsigned int) const .\obj\arduino_runtime_atmega328p_withlibs.a(WString.cpp.o)
String::substring(unsigned int) const             .\obj\arduino_runtime_atmega328p_withlibs.a(WString.cpp.o)
String::substring(unsigned int, unsigned int) const .\obj\arduino_runtime_atmega328p_withlibs.a(WString.cpp.o)
String::toCharArray(char*, unsigned int)          .\obj\arduino_runtime_atmega328p_withlibs.a(WString.cpp.o)
String::toLowerCase() const                       .\obj\arduino_runtime_atmega328p_withlibs.a(WString.cpp.o)
String::toUpperCase() const                       .\obj\arduino_runtime_atmega328p_withlibs.a(WString.cpp.o)
String::trim() const                              .\obj\arduino_runtime_atmega328p_withlibs.a(WString.cpp.o)
String::~String()                                 .\obj\arduino_runtime_atmega328p_withlibs.a(WString.cpp.o)
__addsf3                                          c:/users/ucanacuca-pc/documents/arduino-0019/hardware/tools/avr/bin/../lib/gcc/avr/4.3.2/avr5\libgcc.a(_addsub_sf.o)
                                                  .\obj\arduino_runtime_atmega328p_withlibs.a(Print.cpp.o)
__bad_interrupt                                   c:/users/ucanacuca-pc/documents/arduino-0019/hardware/tools/avr/bin/../lib/gcc/avr/4.3.2/../../../../avr/lib/avr5/crtm328p.o
__brkval                                          c:/users/ucanacuca-pc/documents/arduino-0019/hardware/tools/avr/bin/../lib/gcc/avr/4.3.2/../../../../avr/lib/avr5\libc.a(malloc.o)
__bss_end                                         c:/users/ucanacuca-pc/documents/arduino-0019/hardware/tools/avr/bin/../lib/gcc/avr/4.3.2/avr5\libgcc.a(_clear_bss.o)
__bss_start                                       c:/users/ucanacuca-pc/documents/arduino-0019/hardware/tools/avr/bin/../lib/gcc/avr/4.3.2/avr5\libgcc.a(_clear_bss.o)
__clz_tab                                         c:/users/ucanacuca-pc/documents/arduino-0019/hardware/tools/avr/bin/../lib/gcc/avr/4.3.2/avr5\libgcc.a(_clz.o)
                                                  c:/users/ucanacuca-pc/documents/arduino-0019/hardware/tools/avr/bin/../lib/gcc/avr/4.3.2/avr5\libgcc.a(_clzsi2.o)
__clzsi2                                          c:/users/ucanacuca-pc/documents/arduino-0019/hardware/tools/avr/bin/../lib/gcc/avr/4.3.2/avr5\libgcc.a(_clzsi2.o)
                                                  c:/users/ucanacuca-pc/documents/arduino-0019/hardware/tools/avr/bin/../lib/gcc/avr/4.3.2/avr5\libgcc.a(_usi_to_sf.o)
                                                  c:/users/ucanacuca-pc/documents/arduino-0019/hardware/tools/avr/bin/../lib/gcc/avr/4.3.2/avr5\libgcc.a(_si_to_sf.o)
__ctors_end                                       c:/users/ucanacuca-pc/documents/arduino-0019/hardware/tools/avr/bin/../lib/gcc/avr/4.3.2/avr5\libgcc.a(_ctors.o)
__ctors_start                                     c:/users/ucanacuca-pc/documents/arduino-0019/hardware/tools/avr/bin/../lib/gcc/avr/4.3.2/avr5\libgcc.a(_ctors.o)
__ctype_isfalse                                   c:/users/ucanacuca-pc/documents/arduino-0019/hardware/tools/avr/bin/../lib/gcc/avr/4.3.2/../../../../avr/lib/avr5\libc.a(cty_isfalse.o)
                                                  c:/users/ucanacuca-pc/documents/arduino-0019/hardware/tools/avr/bin/../lib/gcc/avr/4.3.2/../../../../avr/lib/avr5\libc.a(isspace.o)
__ctype_istrue                                    c:/users/ucanacuca-pc/documents/arduino-0019/hardware/tools/avr/bin/../lib/gcc/avr/4.3.2/../../../../avr/lib/avr5\libc.a(cty_isfalse.o)
__cxa_pure_virtual                                .\obj\zerar.pde.cpp.o
                                                  .\obj\arduino_runtime_atmega328p_withlibs.a(Print.cpp.o)
                                                  .\obj\arduino_runtime_atmega328p_withlibs.a(HardwareSerial.cpp.o)
__data_end                                        c:/users/ucanacuca-pc/documents/arduino-0019/hardware/tools/avr/bin/../lib/gcc/avr/4.3.2/avr5\libgcc.a(_copy_data.o)
__data_load_start                                 c:/users/ucanacuca-pc/documents/arduino-0019/hardware/tools/avr/bin/../lib/gcc/avr/4.3.2/avr5\libgcc.a(_copy_data.o)
__data_start                                      c:/users/ucanacuca-pc/documents/arduino-0019/hardware/tools/avr/bin/../lib/gcc/avr/4.3.2/avr5\libgcc.a(_copy_data.o)
__divmodhi4                                       c:/users/ucanacuca-pc/documents/arduino-0019/hardware/tools/avr/bin/../lib/gcc/avr/4.3.2/avr5\libgcc.a(_divmodhi4.o)
                                                  .\obj\arduino_runtime_atmega328p_withlibs.a(HardwareSerial.cpp.o)
__divmodsi4                                       c:/users/ucanacuca-pc/documents/arduino-0019/hardware/tools/avr/bin/../lib/gcc/avr/4.3.2/avr5\libgcc.a(_divmodsi4.o)
                                                  .\obj\arduino_runtime_atmega328p_withlibs.a(HardwareSerial.cpp.o)
__divsf3                                          c:/users/ucanacuca-pc/documents/arduino-0019/hardware/tools/avr/bin/../lib/gcc/avr/4.3.2/avr5\libgcc.a(_div_sf.o)
                                                  .\obj\arduino_runtime_atmega328p_withlibs.a(Print.cpp.o)
__do_clear_bss                                    c:/users/ucanacuca-pc/documents/arduino-0019/hardware/tools/avr/bin/../lib/gcc/avr/4.3.2/avr5\libgcc.a(_clear_bss.o)
                                                  c:/users/ucanacuca-pc/documents/arduino-0019/hardware/tools/avr/bin/../lib/gcc/avr/4.3.2/../../../../avr/lib/avr5\libc.a(malloc.o)
                                                  c:/users/ucanacuca-pc/documents/arduino-0019/hardware/tools/avr/bin/../lib/gcc/avr/4.3.2/avr5\libgcc.a(_clz.o)
                                                  c:/users/ucanacuca-pc/documents/arduino-0019/hardware/tools/avr/bin/../lib/gcc/avr/4.3.2/avr5\libgcc.a(_fpcmp_parts_sf.o)
                                                  c:/users/ucanacuca-pc/documents/arduino-0019/hardware/tools/avr/bin/../lib/gcc/avr/4.3.2/avr5\libgcc.a(_unpack_sf.o)
                                                  c:/users/ucanacuca-pc/documents/arduino-0019/hardware/tools/avr/bin/../lib/gcc/avr/4.3.2/avr5\libgcc.a(_pack_sf.o)
                                                  c:/users/ucanacuca-pc/documents/arduino-0019/hardware/tools/avr/bin/../lib/gcc/avr/4.3.2/avr5\libgcc.a(_clzsi2.o)
                                                  c:/users/ucanacuca-pc/documents/arduino-0019/hardware/tools/avr/bin/../lib/gcc/avr/4.3.2/avr5\libgcc.a(_usi_to_sf.o)
                                                  c:/users/ucanacuca-pc/documents/arduino-0019/hardware/tools/avr/bin/../lib/gcc/avr/4.3.2/avr5\libgcc.a(_thenan_sf.o)
                                                  c:/users/ucanacuca-pc/documents/arduino-0019/hardware/tools/avr/bin/../lib/gcc/avr/4.3.2/avr5\libgcc.a(_sf_to_si.o)
                                                  c:/users/ucanacuca-pc/documents/arduino-0019/hardware/tools/avr/bin/../lib/gcc/avr/4.3.2/avr5\libgcc.a(_si_to_sf.o)
                                                  c:/users/ucanacuca-pc/documents/arduino-0019/hardware/tools/avr/bin/../lib/gcc/avr/4.3.2/avr5\libgcc.a(_lt_sf.o)
                                                  c:/users/ucanacuca-pc/documents/arduino-0019/hardware/tools/avr/bin/../lib/gcc/avr/4.3.2/avr5\libgcc.a(_ge_sf.o)
                                                  c:/users/ucanacuca-pc/documents/arduino-0019/hardware/tools/avr/bin/../lib/gcc/avr/4.3.2/avr5\libgcc.a(_div_sf.o)
                                                  c:/users/ucanacuca-pc/documents/arduino-0019/hardware/tools/avr/bin/../lib/gcc/avr/4.3.2/avr5\libgcc.a(_mul_sf.o)
                                                  c:/users/ucanacuca-pc/documents/arduino-0019/hardware/tools/avr/bin/../lib/gcc/avr/4.3.2/avr5\libgcc.a(_addsub_sf.o)
                                                  c:/users/ucanacuca-pc/documents/arduino-0019/hardware/tools/avr/bin/../lib/gcc/avr/4.3.2/avr5\libgcc.a(_fixunssfsi.o)
                                                  .\obj\arduino_runtime_atmega328p_withlibs.a(WString.cpp.o)
                                                  .\obj\arduino_runtime_atmega328p_withlibs.a(Print.cpp.o)
                                                  .\obj\arduino_runtime_atmega328p_withlibs.a(main.cpp.o)
                                                  .\obj\arduino_runtime_atmega328p_withlibs.a(HardwareSerial.cpp.o)
                                                  .\obj\arduino_runtime_atmega328p_withlibs.a(wiring.c.o)
                                                  .\obj\zerar.pde.cpp.o
__do_copy_data                                    c:/users/ucanacuca-pc/documents/arduino-0019/hardware/tools/avr/bin/../lib/gcc/avr/4.3.2/avr5\libgcc.a(_copy_data.o)
                                                  c:/users/ucanacuca-pc/documents/arduino-0019/hardware/tools/avr/bin/../lib/gcc/avr/4.3.2/../../../../avr/lib/avr5\libc.a(malloc.o)
                                                  c:/users/ucanacuca-pc/documents/arduino-0019/hardware/tools/avr/bin/../lib/gcc/avr/4.3.2/avr5\libgcc.a(_clz.o)
                                                  c:/users/ucanacuca-pc/documents/arduino-0019/hardware/tools/avr/bin/../lib/gcc/avr/4.3.2/avr5\libgcc.a(_fpcmp_parts_sf.o)
                                                  c:/users/ucanacuca-pc/documents/arduino-0019/hardware/tools/avr/bin/../lib/gcc/avr/4.3.2/avr5\libgcc.a(_unpack_sf.o)
                                                  c:/users/ucanacuca-pc/documents/arduino-0019/hardware/tools/avr/bin/../lib/gcc/avr/4.3.2/avr5\libgcc.a(_pack_sf.o)
                                                  c:/users/ucanacuca-pc/documents/arduino-0019/hardware/tools/avr/bin/../lib/gcc/avr/4.3.2/avr5\libgcc.a(_clzsi2.o)
                                                  c:/users/ucanacuca-pc/documents/arduino-0019/hardware/tools/avr/bin/../lib/gcc/avr/4.3.2/avr5\libgcc.a(_usi_to_sf.o)
                                                  c:/users/ucanacuca-pc/documents/arduino-0019/hardware/tools/avr/bin/../lib/gcc/avr/4.3.2/avr5\libgcc.a(_thenan_sf.o)
                                                  c:/users/ucanacuca-pc/documents/arduino-0019/hardware/tools/avr/bin/../lib/gcc/avr/4.3.2/avr5\libgcc.a(_sf_to_si.o)
                                                  c:/users/ucanacuca-pc/documents/arduino-0019/hardware/tools/avr/bin/../lib/gcc/avr/4.3.2/avr5\libgcc.a(_si_to_sf.o)
                                                  c:/users/ucanacuca-pc/documents/arduino-0019/hardware/tools/avr/bin/../lib/gcc/avr/4.3.2/avr5\libgcc.a(_lt_sf.o)
                                                  c:/users/ucanacuca-pc/documents/arduino-0019/hardware/tools/avr/bin/../lib/gcc/avr/4.3.2/avr5\libgcc.a(_ge_sf.o)
                                                  c:/users/ucanacuca-pc/documents/arduino-0019/hardware/tools/avr/bin/../lib/gcc/avr/4.3.2/avr5\libgcc.a(_div_sf.o)
                                                  c:/users/ucanacuca-pc/documents/arduino-0019/hardware/tools/avr/bin/../lib/gcc/avr/4.3.2/avr5\libgcc.a(_mul_sf.o)
                                                  c:/users/ucanacuca-pc/documents/arduino-0019/hardware/tools/avr/bin/../lib/gcc/avr/4.3.2/avr5\libgcc.a(_addsub_sf.o)
                                                  c:/users/ucanacuca-pc/documents/arduino-0019/hardware/tools/avr/bin/../lib/gcc/avr/4.3.2/avr5\libgcc.a(_fixunssfsi.o)
                                                  .\obj\arduino_runtime_atmega328p_withlibs.a(WString.cpp.o)
                                                  .\obj\arduino_runtime_atmega328p_withlibs.a(Print.cpp.o)
                                                  .\obj\arduino_runtime_atmega328p_withlibs.a(main.cpp.o)
                                                  .\obj\arduino_runtime_atmega328p_withlibs.a(HardwareSerial.cpp.o)
                                                  .\obj\arduino_runtime_atmega328p_withlibs.a(wiring.c.o)
                                                  .\obj\zerar.pde.cpp.o
__do_global_ctors                                 c:/users/ucanacuca-pc/documents/arduino-0019/hardware/tools/avr/bin/../lib/gcc/avr/4.3.2/avr5\libgcc.a(_ctors.o)
                                                  .\obj\arduino_runtime_atmega328p_withlibs.a(HardwareSerial.cpp.o)
__epilogue_restores__                             c:/users/ucanacuca-pc/documents/arduino-0019/hardware/tools/avr/bin/../lib/gcc/avr/4.3.2/avr5\libgcc.a(_epilogue.o)
                                                  c:/users/ucanacuca-pc/documents/arduino-0019/hardware/tools/avr/bin/../lib/gcc/avr/4.3.2/avr5\libgcc.a(_usi_to_sf.o)
                                                  c:/users/ucanacuca-pc/documents/arduino-0019/hardware/tools/avr/bin/../lib/gcc/avr/4.3.2/avr5\libgcc.a(_sf_to_si.o)
                                                  c:/users/ucanacuca-pc/documents/arduino-0019/hardware/tools/avr/bin/../lib/gcc/avr/4.3.2/avr5\libgcc.a(_si_to_sf.o)
                                                  c:/users/ucanacuca-pc/documents/arduino-0019/hardware/tools/avr/bin/../lib/gcc/avr/4.3.2/avr5\libgcc.a(_lt_sf.o)
                                                  c:/users/ucanacuca-pc/documents/arduino-0019/hardware/tools/avr/bin/../lib/gcc/avr/4.3.2/avr5\libgcc.a(_ge_sf.o)
                                                  c:/users/ucanacuca-pc/documents/arduino-0019/hardware/tools/avr/bin/../lib/gcc/avr/4.3.2/avr5\libgcc.a(_div_sf.o)
                                                  c:/users/ucanacuca-pc/documents/arduino-0019/hardware/tools/avr/bin/../lib/gcc/avr/4.3.2/avr5\libgcc.a(_mul_sf.o)
                                                  c:/users/ucanacuca-pc/documents/arduino-0019/hardware/tools/avr/bin/../lib/gcc/avr/4.3.2/avr5\libgcc.a(_addsub_sf.o)
__fixsfsi                                         c:/users/ucanacuca-pc/documents/arduino-0019/hardware/tools/avr/bin/../lib/gcc/avr/4.3.2/avr5\libgcc.a(_sf_to_si.o)
                                                  c:/users/ucanacuca-pc/documents/arduino-0019/hardware/tools/avr/bin/../lib/gcc/avr/4.3.2/avr5\libgcc.a(_fixunssfsi.o)
                                                  .\obj\arduino_runtime_atmega328p_withlibs.a(Print.cpp.o)
__fixunssfsi                                      c:/users/ucanacuca-pc/documents/arduino-0019/hardware/tools/avr/bin/../lib/gcc/avr/4.3.2/avr5\libgcc.a(_fixunssfsi.o)
                                                  .\obj\arduino_runtime_atmega328p_withlibs.a(Print.cpp.o)
__floatsisf                                       c:/users/ucanacuca-pc/documents/arduino-0019/hardware/tools/avr/bin/../lib/gcc/avr/4.3.2/avr5\libgcc.a(_si_to_sf.o)
                                                  .\obj\arduino_runtime_atmega328p_withlibs.a(Print.cpp.o)
__floatunsisf                                     c:/users/ucanacuca-pc/documents/arduino-0019/hardware/tools/avr/bin/../lib/gcc/avr/4.3.2/avr5\libgcc.a(_usi_to_sf.o)
                                                  .\obj\arduino_runtime_atmega328p_withlibs.a(Print.cpp.o)
__flp                                             c:/users/ucanacuca-pc/documents/arduino-0019/hardware/tools/avr/bin/../lib/gcc/avr/4.3.2/../../../../avr/lib/avr5\libc.a(malloc.o)
__fpcmp_parts_f                                   c:/users/ucanacuca-pc/documents/arduino-0019/hardware/tools/avr/bin/../lib/gcc/avr/4.3.2/avr5\libgcc.a(_fpcmp_parts_sf.o)
                                                  c:/users/ucanacuca-pc/documents/arduino-0019/hardware/tools/avr/bin/../lib/gcc/avr/4.3.2/avr5\libgcc.a(_lt_sf.o)
                                                  c:/users/ucanacuca-pc/documents/arduino-0019/hardware/tools/avr/bin/../lib/gcc/avr/4.3.2/avr5\libgcc.a(_ge_sf.o)
__gesf2                                           c:/users/ucanacuca-pc/documents/arduino-0019/hardware/tools/avr/bin/../lib/gcc/avr/4.3.2/avr5\libgcc.a(_ge_sf.o)
                                                  c:/users/ucanacuca-pc/documents/arduino-0019/hardware/tools/avr/bin/../lib/gcc/avr/4.3.2/avr5\libgcc.a(_fixunssfsi.o)
__heap_end                                        c:/users/ucanacuca-pc/documents/arduino-0019/hardware/tools/avr/bin/../lib/gcc/avr/4.3.2/../../../../avr/lib/avr5/crtm328p.o
                                                  c:/users/ucanacuca-pc/documents/arduino-0019/hardware/tools/avr/bin/../lib/gcc/avr/4.3.2/../../../../avr/lib/avr5\libc.a(malloc.o)
__heap_start                                      c:/users/ucanacuca-pc/documents/arduino-0019/hardware/tools/avr/bin/../lib/gcc/avr/4.3.2/../../../../avr/lib/avr5\libc.a(malloc.o)
__init                                            c:/users/ucanacuca-pc/documents/arduino-0019/hardware/tools/avr/bin/../lib/gcc/avr/4.3.2/../../../../avr/lib/avr5/crtm328p.o
__ltsf2                                           c:/users/ucanacuca-pc/documents/arduino-0019/hardware/tools/avr/bin/../lib/gcc/avr/4.3.2/avr5\libgcc.a(_lt_sf.o)
                                                  .\obj\arduino_runtime_atmega328p_withlibs.a(Print.cpp.o)
__malloc_heap_end                                 c:/users/ucanacuca-pc/documents/arduino-0019/hardware/tools/avr/bin/../lib/gcc/avr/4.3.2/../../../../avr/lib/avr5\libc.a(malloc.o)
__malloc_heap_start                               c:/users/ucanacuca-pc/documents/arduino-0019/hardware/tools/avr/bin/../lib/gcc/avr/4.3.2/../../../../avr/lib/avr5\libc.a(malloc.o)
__malloc_margin                                   c:/users/ucanacuca-pc/documents/arduino-0019/hardware/tools/avr/bin/../lib/gcc/avr/4.3.2/../../../../avr/lib/avr5\libc.a(malloc.o)
__mulsf3                                          c:/users/ucanacuca-pc/documents/arduino-0019/hardware/tools/avr/bin/../lib/gcc/avr/4.3.2/avr5\libgcc.a(_mul_sf.o)
                                                  .\obj\arduino_runtime_atmega328p_withlibs.a(Print.cpp.o)
__mulsi3                                          c:/users/ucanacuca-pc/documents/arduino-0019/hardware/tools/avr/bin/../lib/gcc/avr/4.3.2/avr5\libgcc.a(_mulsi3.o)
                                                  .\obj\arduino_runtime_atmega328p_withlibs.a(HardwareSerial.cpp.o)
__pack_f                                          c:/users/ucanacuca-pc/documents/arduino-0019/hardware/tools/avr/bin/../lib/gcc/avr/4.3.2/avr5\libgcc.a(_pack_sf.o)
                                                  c:/users/ucanacuca-pc/documents/arduino-0019/hardware/tools/avr/bin/../lib/gcc/avr/4.3.2/avr5\libgcc.a(_usi_to_sf.o)
                                                  c:/users/ucanacuca-pc/documents/arduino-0019/hardware/tools/avr/bin/../lib/gcc/avr/4.3.2/avr5\libgcc.a(_si_to_sf.o)
                                                  c:/users/ucanacuca-pc/documents/arduino-0019/hardware/tools/avr/bin/../lib/gcc/avr/4.3.2/avr5\libgcc.a(_div_sf.o)
                                                  c:/users/ucanacuca-pc/documents/arduino-0019/hardware/tools/avr/bin/../lib/gcc/avr/4.3.2/avr5\libgcc.a(_mul_sf.o)
                                                  c:/users/ucanacuca-pc/documents/arduino-0019/hardware/tools/avr/bin/../lib/gcc/avr/4.3.2/avr5\libgcc.a(_addsub_sf.o)
__prologue_saves__                                c:/users/ucanacuca-pc/documents/arduino-0019/hardware/tools/avr/bin/../lib/gcc/avr/4.3.2/avr5\libgcc.a(_prologue.o)
                                                  c:/users/ucanacuca-pc/documents/arduino-0019/hardware/tools/avr/bin/../lib/gcc/avr/4.3.2/avr5\libgcc.a(_usi_to_sf.o)
                                                  c:/users/ucanacuca-pc/documents/arduino-0019/hardware/tools/avr/bin/../lib/gcc/avr/4.3.2/avr5\libgcc.a(_sf_to_si.o)
                                                  c:/users/ucanacuca-pc/documents/arduino-0019/hardware/tools/avr/bin/../lib/gcc/avr/4.3.2/avr5\libgcc.a(_si_to_sf.o)
                                                  c:/users/ucanacuca-pc/documents/arduino-0019/hardware/tools/avr/bin/../lib/gcc/avr/4.3.2/avr5\libgcc.a(_lt_sf.o)
                                                  c:/users/ucanacuca-pc/documents/arduino-0019/hardware/tools/avr/bin/../lib/gcc/avr/4.3.2/avr5\libgcc.a(_ge_sf.o)
                                                  c:/users/ucanacuca-pc/documents/arduino-0019/hardware/tools/avr/bin/../lib/gcc/avr/4.3.2/avr5\libgcc.a(_div_sf.o)
                                                  c:/users/ucanacuca-pc/documents/arduino-0019/hardware/tools/avr/bin/../lib/gcc/avr/4.3.2/avr5\libgcc.a(_mul_sf.o)
                                                  c:/users/ucanacuca-pc/documents/arduino-0019/hardware/tools/avr/bin/../lib/gcc/avr/4.3.2/avr5\libgcc.a(_addsub_sf.o)
__stack                                           c:/users/ucanacuca-pc/documents/arduino-0019/hardware/tools/avr/bin/../lib/gcc/avr/4.3.2/../../../../avr/lib/avr5/crtm328p.o
__subsf3                                          c:/users/ucanacuca-pc/documents/arduino-0019/hardware/tools/avr/bin/../lib/gcc/avr/4.3.2/avr5\libgcc.a(_addsub_sf.o)
                                                  c:/users/ucanacuca-pc/documents/arduino-0019/hardware/tools/avr/bin/../lib/gcc/avr/4.3.2/avr5\libgcc.a(_fixunssfsi.o)
                                                  .\obj\arduino_runtime_atmega328p_withlibs.a(Print.cpp.o)
__tablejump2__                                    c:/users/ucanacuca-pc/documents/arduino-0019/hardware/tools/avr/bin/../lib/gcc/avr/4.3.2/avr5\libgcc.a(_tablejump.o)
__tablejump__                                     c:/users/ucanacuca-pc/documents/arduino-0019/hardware/tools/avr/bin/../lib/gcc/avr/4.3.2/avr5\libgcc.a(_tablejump.o)
                                                  c:/users/ucanacuca-pc/documents/arduino-0019/hardware/tools/avr/bin/../lib/gcc/avr/4.3.2/avr5\libgcc.a(_ctors.o)
__thenan_sf                                       c:/users/ucanacuca-pc/documents/arduino-0019/hardware/tools/avr/bin/../lib/gcc/avr/4.3.2/avr5\libgcc.a(_thenan_sf.o)
                                                  c:/users/ucanacuca-pc/documents/arduino-0019/hardware/tools/avr/bin/../lib/gcc/avr/4.3.2/avr5\libgcc.a(_div_sf.o)
                                                  c:/users/ucanacuca-pc/documents/arduino-0019/hardware/tools/avr/bin/../lib/gcc/avr/4.3.2/avr5\libgcc.a(_mul_sf.o)
                                                  c:/users/ucanacuca-pc/documents/arduino-0019/hardware/tools/avr/bin/../lib/gcc/avr/4.3.2/avr5\libgcc.a(_addsub_sf.o)
__udivmodhi4                                      c:/users/ucanacuca-pc/documents/arduino-0019/hardware/tools/avr/bin/../lib/gcc/avr/4.3.2/avr5\libgcc.a(_udivmodhi4.o)
                                                  c:/users/ucanacuca-pc/documents/arduino-0019/hardware/tools/avr/bin/../lib/gcc/avr/4.3.2/../../../../avr/lib/avr5\libc.a(itoa.o)
                                                  c:/users/ucanacuca-pc/documents/arduino-0019/hardware/tools/avr/bin/../lib/gcc/avr/4.3.2/avr5\libgcc.a(_divmodhi4.o)
__udivmodsi4                                      c:/users/ucanacuca-pc/documents/arduino-0019/hardware/tools/avr/bin/../lib/gcc/avr/4.3.2/avr5\libgcc.a(_udivmodsi4.o)
                                                  c:/users/ucanacuca-pc/documents/arduino-0019/hardware/tools/avr/bin/../lib/gcc/avr/4.3.2/../../../../avr/lib/avr5\libc.a(ultoa.o)
                                                  c:/users/ucanacuca-pc/documents/arduino-0019/hardware/tools/avr/bin/../lib/gcc/avr/4.3.2/../../../../avr/lib/avr5\libc.a(ltoa.o)
                                                  c:/users/ucanacuca-pc/documents/arduino-0019/hardware/tools/avr/bin/../lib/gcc/avr/4.3.2/avr5\libgcc.a(_divmodsi4.o)
                                                  .\obj\arduino_runtime_atmega328p_withlibs.a(Print.cpp.o)
__unpack_f                                        c:/users/ucanacuca-pc/documents/arduino-0019/hardware/tools/avr/bin/../lib/gcc/avr/4.3.2/avr5\libgcc.a(_unpack_sf.o)
                                                  c:/users/ucanacuca-pc/documents/arduino-0019/hardware/tools/avr/bin/../lib/gcc/avr/4.3.2/avr5\libgcc.a(_sf_to_si.o)
                                                  c:/users/ucanacuca-pc/documents/arduino-0019/hardware/tools/avr/bin/../lib/gcc/avr/4.3.2/avr5\libgcc.a(_lt_sf.o)
                                                  c:/users/ucanacuca-pc/documents/arduino-0019/hardware/tools/avr/bin/../lib/gcc/avr/4.3.2/avr5\libgcc.a(_ge_sf.o)
                                                  c:/users/ucanacuca-pc/documents/arduino-0019/hardware/tools/avr/bin/../lib/gcc/avr/4.3.2/avr5\libgcc.a(_div_sf.o)
                                                  c:/users/ucanacuca-pc/documents/arduino-0019/hardware/tools/avr/bin/../lib/gcc/avr/4.3.2/avr5\libgcc.a(_mul_sf.o)
                                                  c:/users/ucanacuca-pc/documents/arduino-0019/hardware/tools/avr/bin/../lib/gcc/avr/4.3.2/avr5\libgcc.a(_addsub_sf.o)
__vector_1                                        c:/users/ucanacuca-pc/documents/arduino-0019/hardware/tools/avr/bin/../lib/gcc/avr/4.3.2/../../../../avr/lib/avr5/crtm328p.o
__vector_10                                       c:/users/ucanacuca-pc/documents/arduino-0019/hardware/tools/avr/bin/../lib/gcc/avr/4.3.2/../../../../avr/lib/avr5/crtm328p.o
__vector_11                                       c:/users/ucanacuca-pc/documents/arduino-0019/hardware/tools/avr/bin/../lib/gcc/avr/4.3.2/../../../../avr/lib/avr5/crtm328p.o
__vector_12                                       c:/users/ucanacuca-pc/documents/arduino-0019/hardware/tools/avr/bin/../lib/gcc/avr/4.3.2/../../../../avr/lib/avr5/crtm328p.o
__vector_13                                       c:/users/ucanacuca-pc/documents/arduino-0019/hardware/tools/avr/bin/../lib/gcc/avr/4.3.2/../../../../avr/lib/avr5/crtm328p.o
__vector_14                                       c:/users/ucanacuca-pc/documents/arduino-0019/hardware/tools/avr/bin/../lib/gcc/avr/4.3.2/../../../../avr/lib/avr5/crtm328p.o
__vector_15                                       c:/users/ucanacuca-pc/documents/arduino-0019/hardware/tools/avr/bin/../lib/gcc/avr/4.3.2/../../../../avr/lib/avr5/crtm328p.o
__vector_16                                       .\obj\arduino_runtime_atmega328p_withlibs.a(wiring.c.o)
                                                  c:/users/ucanacuca-pc/documents/arduino-0019/hardware/tools/avr/bin/../lib/gcc/avr/4.3.2/../../../../avr/lib/avr5/crtm328p.o
__vector_17                                       c:/users/ucanacuca-pc/documents/arduino-0019/hardware/tools/avr/bin/../lib/gcc/avr/4.3.2/../../../../avr/lib/avr5/crtm328p.o
__vector_18                                       .\obj\arduino_runtime_atmega328p_withlibs.a(HardwareSerial.cpp.o)
                                                  c:/users/ucanacuca-pc/documents/arduino-0019/hardware/tools/avr/bin/../lib/gcc/avr/4.3.2/../../../../avr/lib/avr5/crtm328p.o
__vector_19                                       c:/users/ucanacuca-pc/documents/arduino-0019/hardware/tools/avr/bin/../lib/gcc/avr/4.3.2/../../../../avr/lib/avr5/crtm328p.o
__vector_2                                        c:/users/ucanacuca-pc/documents/arduino-0019/hardware/tools/avr/bin/../lib/gcc/avr/4.3.2/../../../../avr/lib/avr5/crtm328p.o
__vector_20                                       c:/users/ucanacuca-pc/documents/arduino-0019/hardware/tools/avr/bin/../lib/gcc/avr/4.3.2/../../../../avr/lib/avr5/crtm328p.o
__vector_21                                       c:/users/ucanacuca-pc/documents/arduino-0019/hardware/tools/avr/bin/../lib/gcc/avr/4.3.2/../../../../avr/lib/avr5/crtm328p.o
__vector_22                                       c:/users/ucanacuca-pc/documents/arduino-0019/hardware/tools/avr/bin/../lib/gcc/avr/4.3.2/../../../../avr/lib/avr5/crtm328p.o
__vector_23                                       c:/users/ucanacuca-pc/documents/arduino-0019/hardware/tools/avr/bin/../lib/gcc/avr/4.3.2/../../../../avr/lib/avr5/crtm328p.o
__vector_24                                       c:/users/ucanacuca-pc/documents/arduino-0019/hardware/tools/avr/bin/../lib/gcc/avr/4.3.2/../../../../avr/lib/avr5/crtm328p.o
__vector_25                                       c:/users/ucanacuca-pc/documents/arduino-0019/hardware/tools/avr/bin/../lib/gcc/avr/4.3.2/../../../../avr/lib/avr5/crtm328p.o
__vector_3                                        c:/users/ucanacuca-pc/documents/arduino-0019/hardware/tools/avr/bin/../lib/gcc/avr/4.3.2/../../../../avr/lib/avr5/crtm328p.o
__vector_4                                        c:/users/ucanacuca-pc/documents/arduino-0019/hardware/tools/avr/bin/../lib/gcc/avr/4.3.2/../../../../avr/lib/avr5/crtm328p.o
__vector_5                                        c:/users/ucanacuca-pc/documents/arduino-0019/hardware/tools/avr/bin/../lib/gcc/avr/4.3.2/../../../../avr/lib/avr5/crtm328p.o
__vector_6                                        c:/users/ucanacuca-pc/documents/arduino-0019/hardware/tools/avr/bin/../lib/gcc/avr/4.3.2/../../../../avr/lib/avr5/crtm328p.o
__vector_7                                        c:/users/ucanacuca-pc/documents/arduino-0019/hardware/tools/avr/bin/../lib/gcc/avr/4.3.2/../../../../avr/lib/avr5/crtm328p.o
__vector_8                                        c:/users/ucanacuca-pc/documents/arduino-0019/hardware/tools/avr/bin/../lib/gcc/avr/4.3.2/../../../../avr/lib/avr5/crtm328p.o
__vector_9                                        c:/users/ucanacuca-pc/documents/arduino-0019/hardware/tools/avr/bin/../lib/gcc/avr/4.3.2/../../../../avr/lib/avr5/crtm328p.o
__vector_default                                  c:/users/ucanacuca-pc/documents/arduino-0019/hardware/tools/avr/bin/../lib/gcc/avr/4.3.2/../../../../avr/lib/avr5/crtm328p.o
__vectors                                         c:/users/ucanacuca-pc/documents/arduino-0019/hardware/tools/avr/bin/../lib/gcc/avr/4.3.2/../../../../avr/lib/avr5/crtm328p.o
_div                                              c:/users/ucanacuca-pc/documents/arduino-0019/hardware/tools/avr/bin/../lib/gcc/avr/4.3.2/avr5\libgcc.a(_divmodhi4.o)
_exit                                             c:/users/ucanacuca-pc/documents/arduino-0019/hardware/tools/avr/bin/../lib/gcc/avr/4.3.2/avr5\libgcc.a(_exit.o)
delay                                             .\obj\arduino_runtime_atmega328p_withlibs.a(wiring.c.o)
                                                  .\obj\zerar.pde.cpp.o
delayMicroseconds                                 .\obj\arduino_runtime_atmega328p_withlibs.a(wiring.c.o)
exit                                              c:/users/ucanacuca-pc/documents/arduino-0019/hardware/tools/avr/bin/../lib/gcc/avr/4.3.2/avr5\libgcc.a(_exit.o)
                                                  c:/users/ucanacuca-pc/documents/arduino-0019/hardware/tools/avr/bin/../lib/gcc/avr/4.3.2/../../../../avr/lib/avr5/crtm328p.o
free                                              c:/users/ucanacuca-pc/documents/arduino-0019/hardware/tools/avr/bin/../lib/gcc/avr/4.3.2/../../../../avr/lib/avr5\libc.a(malloc.o)
                                                  .\obj\arduino_runtime_atmega328p_withlibs.a(WString.cpp.o)
init                                              .\obj\arduino_runtime_atmega328p_withlibs.a(wiring.c.o)
                                                  .\obj\arduino_runtime_atmega328p_withlibs.a(main.cpp.o)
isspace                                           c:/users/ucanacuca-pc/documents/arduino-0019/hardware/tools/avr/bin/../lib/gcc/avr/4.3.2/../../../../avr/lib/avr5\libc.a(isspace.o)
                                                  .\obj\arduino_runtime_atmega328p_withlibs.a(WString.cpp.o)
itoa                                              c:/users/ucanacuca-pc/documents/arduino-0019/hardware/tools/avr/bin/../lib/gcc/avr/4.3.2/../../../../avr/lib/avr5\libc.a(itoa.o)
                                                  .\obj\arduino_runtime_atmega328p_withlibs.a(WString.cpp.o)
loop                                              .\obj\zerar.pde.cpp.o
                                                  .\obj\arduino_runtime_atmega328p_withlibs.a(main.cpp.o)
ltoa                                              c:/users/ucanacuca-pc/documents/arduino-0019/hardware/tools/avr/bin/../lib/gcc/avr/4.3.2/../../../../avr/lib/avr5\libc.a(ltoa.o)
                                                  .\obj\arduino_runtime_atmega328p_withlibs.a(WString.cpp.o)
main                                              .\obj\arduino_runtime_atmega328p_withlibs.a(main.cpp.o)
                                                  c:/users/ucanacuca-pc/documents/arduino-0019/hardware/tools/avr/bin/../lib/gcc/avr/4.3.2/../../../../avr/lib/avr5/crtm328p.o
malloc                                            c:/users/ucanacuca-pc/documents/arduino-0019/hardware/tools/avr/bin/../lib/gcc/avr/4.3.2/../../../../avr/lib/avr5\libc.a(malloc.o)
                                                  .\obj\arduino_runtime_atmega328p_withlibs.a(WString.cpp.o)
micros                                            .\obj\arduino_runtime_atmega328p_withlibs.a(wiring.c.o)
millis                                            .\obj\arduino_runtime_atmega328p_withlibs.a(wiring.c.o)
resetFunc                                         .\obj\zerar.pde.cpp.o
rx_buffer                                         .\obj\arduino_runtime_atmega328p_withlibs.a(HardwareSerial.cpp.o)
setup                                             .\obj\zerar.pde.cpp.o
                                                  .\obj\arduino_runtime_atmega328p_withlibs.a(main.cpp.o)
strcat                                            c:/users/ucanacuca-pc/documents/arduino-0019/hardware/tools/avr/bin/../lib/gcc/avr/4.3.2/../../../../avr/lib/avr5\libc.a(strcat.o)
                                                  .\obj\arduino_runtime_atmega328p_withlibs.a(WString.cpp.o)
strchr                                            c:/users/ucanacuca-pc/documents/arduino-0019/hardware/tools/avr/bin/../lib/gcc/avr/4.3.2/../../../../avr/lib/avr5\libc.a(strchr.o)
                                                  .\obj\arduino_runtime_atmega328p_withlibs.a(WString.cpp.o)
strcmp                                            c:/users/ucanacuca-pc/documents/arduino-0019/hardware/tools/avr/bin/../lib/gcc/avr/4.3.2/../../../../avr/lib/avr5\libc.a(strcmp.o)
                                                  .\obj\arduino_runtime_atmega328p_withlibs.a(WString.cpp.o)
strcpy                                            c:/users/ucanacuca-pc/documents/arduino-0019/hardware/tools/avr/bin/../lib/gcc/avr/4.3.2/../../../../avr/lib/avr5\libc.a(strcpy.o)
                                                  .\obj\arduino_runtime_atmega328p_withlibs.a(WString.cpp.o)
strncmp                                           c:/users/ucanacuca-pc/documents/arduino-0019/hardware/tools/avr/bin/../lib/gcc/avr/4.3.2/../../../../avr/lib/avr5\libc.a(strncmp.o)
                                                  .\obj\arduino_runtime_atmega328p_withlibs.a(WString.cpp.o)
strncpy                                           c:/users/ucanacuca-pc/documents/arduino-0019/hardware/tools/avr/bin/../lib/gcc/avr/4.3.2/../../../../avr/lib/avr5\libc.a(strncpy.o)
                                                  .\obj\arduino_runtime_atmega328p_withlibs.a(WString.cpp.o)